Component: ARM Compiler 5.06 update 7 (build 960) Tool: armlink [4d3601]

==============================================================================

Section Cross References

    startup_stm32f103xb.o(RESET) refers to startup_stm32f103xb.o(STACK) for __initial_sp
    startup_stm32f103xb.o(RESET) refers to startup_stm32f103xb.o(.text) for Reset_Handler
    startup_stm32f103xb.o(RESET) refers to stm32f1xx_it.o(i.NMI_Handler) for NMI_Handler
    startup_stm32f103xb.o(RESET) refers to stm32f1xx_it.o(i.HardFault_Handler) for HardFault_Handler
    startup_stm32f103xb.o(RESET) refers to stm32f1xx_it.o(i.MemManage_Handler) for MemManage_Handler
    startup_stm32f103xb.o(RESET) refers to stm32f1xx_it.o(i.BusFault_Handler) for BusFault_Handler
    startup_stm32f103xb.o(RESET) refers to stm32f1xx_it.o(i.UsageFault_Handler) for UsageFault_Handler
    startup_stm32f103xb.o(RESET) refers to stm32f1xx_it.o(i.SVC_Handler) for SVC_Handler
    startup_stm32f103xb.o(RESET) refers to stm32f1xx_it.o(i.DebugMon_Handler) for DebugMon_Handler
    startup_stm32f103xb.o(RESET) refers to stm32f1xx_it.o(i.PendSV_Handler) for PendSV_Handler
    startup_stm32f103xb.o(RESET) refers to stm32f1xx_it.o(i.SysTick_Handler) for SysTick_Handler
    startup_stm32f103xb.o(RESET) refers to stm32f1xx_it.o(i.DMA1_Channel2_IRQHandler) for DMA1_Channel2_IRQHandler
    startup_stm32f103xb.o(RESET) refers to stm32f1xx_it.o(i.DMA1_Channel3_IRQHandler) for DMA1_Channel3_IRQHandler
    startup_stm32f103xb.o(RESET) refers to stm32f1xx_it.o(i.DMA1_Channel6_IRQHandler) for DMA1_Channel6_IRQHandler
    startup_stm32f103xb.o(RESET) refers to stm32f1xx_it.o(i.DMA1_Channel7_IRQHandler) for DMA1_Channel7_IRQHandler
    startup_stm32f103xb.o(RESET) refers to stm32f1xx_it.o(i.TIM1_UP_IRQHandler) for TIM1_UP_IRQHandler
    startup_stm32f103xb.o(RESET) refers to stm32f1xx_it.o(i.TIM4_IRQHandler) for TIM4_IRQHandler
    startup_stm32f103xb.o(RESET) refers to stm32f1xx_it.o(i.USART2_IRQHandler) for USART2_IRQHandler
    startup_stm32f103xb.o(RESET) refers to stm32f1xx_it.o(i.USART3_IRQHandler) for USART3_IRQHandler
    startup_stm32f103xb.o(.text) refers to system_stm32f1xx.o(i.SystemInit) for SystemInit
    startup_stm32f103xb.o(.text) refers to entry.o(.ARM.Collect$$$$00000000) for __main
    main.o(i.SystemClock_Config) refers to memseta.o(.text) for __aeabi_memclr4
    main.o(i.SystemClock_Config) refers to stm32f1xx_hal_rcc.o(i.HAL_RCC_OscConfig) for HAL_RCC_OscConfig
    main.o(i.SystemClock_Config) refers to main.o(i.Error_Handler) for Error_Handler
    main.o(i.SystemClock_Config) refers to stm32f1xx_hal_rcc.o(i.HAL_RCC_ClockConfig) for HAL_RCC_ClockConfig
    main.o(i.main) refers to stm32f1xx_hal.o(i.HAL_Init) for HAL_Init
    main.o(i.main) refers to main.o(i.SystemClock_Config) for SystemClock_Config
    main.o(i.main) refers to gpio.o(i.MX_GPIO_Init) for MX_GPIO_Init
    main.o(i.main) refers to dma.o(i.MX_DMA_Init) for MX_DMA_Init
    main.o(i.main) refers to usart.o(i.MX_USART2_UART_Init) for MX_USART2_UART_Init
    main.o(i.main) refers to tim.o(i.MX_TIM2_Init) for MX_TIM2_Init
    main.o(i.main) refers to tim.o(i.MX_TIM4_Init) for MX_TIM4_Init
    main.o(i.main) refers to tim.o(i.MX_TIM1_Init) for MX_TIM1_Init
    main.o(i.main) refers to usart.o(i.MX_USART3_UART_Init) for MX_USART3_UART_Init
    main.o(i.main) refers to app.o(i.App_Init) for App_Init
    main.o(i.main) refers to app.o(i.App_Task) for App_Task
    gpio.o(i.MX_GPIO_Init) refers to stm32f1xx_hal_gpio.o(i.HAL_GPIO_WritePin) for HAL_GPIO_WritePin
    gpio.o(i.MX_GPIO_Init) refers to stm32f1xx_hal_gpio.o(i.HAL_GPIO_Init) for HAL_GPIO_Init
    dma.o(i.MX_DMA_Init) refers to stm32f1xx_hal_cortex.o(i.HAL_NVIC_SetPriority) for HAL_NVIC_SetPriority
    dma.o(i.MX_DMA_Init) refers to stm32f1xx_hal_cortex.o(i.HAL_NVIC_EnableIRQ) for HAL_NVIC_EnableIRQ
    tim.o(i.HAL_TIM_Base_MspDeInit) refers to stm32f1xx_hal_cortex.o(i.HAL_NVIC_DisableIRQ) for HAL_NVIC_DisableIRQ
    tim.o(i.HAL_TIM_Base_MspInit) refers to stm32f1xx_hal_cortex.o(i.HAL_NVIC_SetPriority) for HAL_NVIC_SetPriority
    tim.o(i.HAL_TIM_Base_MspInit) refers to stm32f1xx_hal_cortex.o(i.HAL_NVIC_EnableIRQ) for HAL_NVIC_EnableIRQ
    tim.o(i.HAL_TIM_Encoder_MspDeInit) refers to stm32f1xx_hal_gpio.o(i.HAL_GPIO_DeInit) for HAL_GPIO_DeInit
    tim.o(i.HAL_TIM_Encoder_MspDeInit) refers to stm32f1xx_hal_cortex.o(i.HAL_NVIC_DisableIRQ) for HAL_NVIC_DisableIRQ
    tim.o(i.HAL_TIM_Encoder_MspInit) refers to stm32f1xx_hal_gpio.o(i.HAL_GPIO_Init) for HAL_GPIO_Init
    tim.o(i.HAL_TIM_Encoder_MspInit) refers to stm32f1xx_hal_cortex.o(i.HAL_NVIC_SetPriority) for HAL_NVIC_SetPriority
    tim.o(i.HAL_TIM_Encoder_MspInit) refers to stm32f1xx_hal_cortex.o(i.HAL_NVIC_EnableIRQ) for HAL_NVIC_EnableIRQ
    tim.o(i.HAL_TIM_MspPostInit) refers to stm32f1xx_hal_gpio.o(i.HAL_GPIO_Init) for HAL_GPIO_Init
    tim.o(i.MX_TIM1_Init) refers to memseta.o(.text) for __aeabi_memclr4
[...]
    handlers.s                               0x00000000   Number         0  handlers.o ABSOLUTE
    init.s                                   0x00000000   Number         0  init.o ABSOLUTE
    startup_stm32f103xb.s                    0x00000000   Number         0  startup_stm32f103xb.o ABSOLUTE
    RESET                                    0x08000000   Section      236  startup_stm32f103xb.o(RESET)
    .ARM.Collect$$$$00000000                 0x080000ec   Section        0  entry.o(.ARM.Collect$$$$00000000)
    .ARM.Collect$$$$00000001                 0x080000ec   Section        4  entry2.o(.ARM.Collect$$$$00000001)
    .ARM.Collect$$$$00000004                 0x080000f0   Section        4  entry5.o(.ARM.Collect$$$$00000004)
    .ARM.Collect$$$$00000008                 0x080000f4   Section        0  entry7b.o(.ARM.Collect$$$$00000008)
    .ARM.Collect$$$$0000000A                 0x080000f4   Section        0  entry8b.o(.ARM.Collect$$$$0000000A)
    .ARM.Collect$$$$0000000B                 0x080000f4   Section        8  entry9a.o(.ARM.Collect$$$$0000000B)
    .ARM.Collect$$$$0000000E                 0x080000fc   Section        4  entry12b.o(.ARM.Collect$$$$0000000E)
    .ARM.Collect$$$$0000000F                 0x08000100   Section        0  entry10a.o(.ARM.Collect$$$$0000000F)
    .ARM.Collect$$$$00000011                 0x08000100   Section        0  entry11a.o(.ARM.Collect$$$$00000011)
    .ARM.Collect$$$$00002712                 0x08000100   Section        4  entry2.o(.ARM.Collect$$$$00002712)
    __lit__00000000                          0x08000100   Data           4  entry2.o(.ARM.Collect$$$$00002712)
    .text                                    0x08000104   Section       36  startup_stm32f103xb.o(.text)
    .text                                    0x08000128   Section        0  llushr.o(.text)
    .text                                    0x08000148   Section        0  memseta.o(.text)
    .text                                    0x0800016c   Section        0  strcpy.o(.text)
    .text                                    0x08000180   Section        0  __0sscanf.o(.text)
    .text                                    0x080001b8   Section        0  _scanf_int.o(.text)
    .text                                    0x08000304   Section        0  fadd.o(.text)
    .text                                    0x080003b4   Section        0  fmul.o(.text)
    .text                                    0x08000418   Section        0  fflti.o(.text)
    .text                                    0x0800042a   Section        0  ffixi.o(.text)
    .text                                    0x0800045c   Section        0  uidiv.o(.text)
    .text                                    0x08000488   Section        0  uldiv.o(.text)
    .text                                    0x080004ea   Section        0  _chval.o(.text)
    .text                                    0x08000508   Section        0  scanf_char.o(.text)
    _scanf_char_input                        0x08000509   Thumb Code    12  scanf_char.o(.text)
    .text                                    0x08000530   Section        0  _sgetc.o(.text)
    .text                                    0x08000570   Section        0  iusefp.o(.text)
    .text                                    0x08000570   Section        0  fepilogue.o(.text)
    .text                                    0x080005de   Section        0  dadd.o(.text)
    .text                                    0x0800072c   Section        0  dmul.o(.text)
    .text                                    0x08000810   Section        0  ddiv.o(.text)
    .text                                    0x080008ee   Section        0  dfixul.o(.text)
    .text                                    0x08000920   Section       48  cdrcmple.o(.text)
    .text                                    0x08000950   Section       36  init.o(.text)
    .text                                    0x08000974   Section        0  llshl.o(.text)
    .text                                    0x08000992   Section        0  llsshr.o(.text)
    .text                                    0x080009b6   Section        0  isspace_c.o(.text)
    .text                                    0x080009c0   Section        0  _scanf.o(.text)
    .text                                    0x08000cf0   Section        0  depilogue.o(.text)
    .text                                    0x08000dac   Section        0  ctype_c.o(.text)
    i.App_Init                               0x08000dd4   Section        0  app.o(i.App_Init)
    i.App_Task                               0x08000e58   Section        0  app.o(i.App_Task)
    i.BusFault_Handler                       0x08000fbc   Section        0  stm32f1xx_it.o(i.BusFault_Handler)
    i.Car_PID_Ctrl                           0x08000fc0   Section        0  pid.o(i.Car_PID_Ctrl)
    i.DMA1_Channel2_IRQHandler               0x08001050   Section        0  stm32f1xx_it.o(i.DMA1_Channel2_IRQHandler)
    i.DMA1_Channel3_IRQHandler               0x08001060   Section        0  stm32f1xx_it.o(i.DMA1_Channel3_IRQHandler)
    i.DMA1_Channel6_IRQHandler               0x08001070   Section        0  stm32f1xx_it.o(i.DMA1_Channel6_IRQHandler)
    i.DMA1_Channel7_IRQHandler               0x08001080   Section        0  stm32f1xx_it.o(i.DMA1_Channel7_IRQHandler)
    i.DMA_SetConfig                          0x08001090   Section        0  stm32f1xx_hal_dma.o(i.DMA_SetConfig)
    DMA_SetConfig                            0x08001091   Thumb Code    44  stm32f1xx_hal_dma.o(i.DMA_SetConfig)
    i.DebugMon_Handler                       0x080010bc   Section        0  stm32f1xx_it.o(i.DebugMon_Handler)
    i.ENCODER_INIT                           0x080010c0   Section        0  encoder.o(i.ENCODER_INIT)
    i.Encoder_Count_Clear                    0x080010dc   Section        0  encoder.o(i.Encoder_Count_Clear)
    i.Encoder_Value                          0x08001100   Section        0  encoder.o(i.Encoder_Value)
    i.Error_Handler                          0x0800112c   Section        0  main.o(i.Error_Handler)
    i.HAL_DMA_Abort                          0x08001132   Section        0  stm32f1xx_hal_dma.o(i.HAL_DMA_Abort)
    i.HAL_DMA_Abort_IT                       0x08001188   Section        0  stm32f1xx_hal_dma.o(i.HAL_DMA_Abort_IT)
    i.HAL_DMA_IRQHandler                     0x08001238   Section        0  stm32f1xx_hal_dma.o(i.HAL_DMA_IRQHandler)
    i.HAL_DMA_Init                           0x080013d4   Section        0  stm32f1xx_hal_dma.o(i.HAL_DMA_Init)
    i.HAL_DMA_Start_IT                       0x0800143c   Section        0  stm32f1xx_hal_dma.o(i.HAL_DMA_Start_IT)
    i.HAL_Delay                              0x080014d8   Section        0  stm32f1xx_hal.o(i.HAL_Delay)
    i.HAL_GPIO_Init                          0x08001500   Section        0  stm32f1xx_hal_gpio.o(i.HAL_GPIO_Init)
    i.HAL_GPIO_TogglePin                     0x08001820   Section        0  stm32f1xx_hal_gpio.o(i.HAL_GPIO_TogglePin)
    i.HAL_GPIO_WritePin                      0x08001834   Section        0  stm32f1xx_hal_gpio.o(i.HAL_GPIO_WritePin)
    i.HAL_GetTick                            0x08001840   Section        0  stm32f1xx_hal.o(i.HAL_GetTick)
    i.HAL_IncTick                            0x0800184c   Section        0  stm32f1xx_hal.o(i.HAL_IncTick)
    i.HAL_Init                               0x08001864   Section        0  stm32f1xx_hal.o(i.HAL_Init)
    i.HAL_InitTick                           0x0800188c   Section        0  stm32f1xx_hal.o(i.HAL_InitTick)
    i.HAL_MspInit                            0x080018d8   Section        0  stm32f1xx_hal_msp.o(i.HAL_MspInit)
    i.HAL_NVIC_EnableIRQ                     0x0800192c   Section        0  stm32f1xx_hal_cortex.o(i.HAL_NVIC_EnableIRQ)
    i.HAL_NVIC_SetPriority                   0x0800194c   Section        0  stm32f1xx_hal_cortex.o(i.HAL_NVIC_SetPriority)
    i.HAL_NVIC_SetPriorityGrouping           0x080019c8   Section        0  stm32f1xx_hal_cortex.o(i.HAL_NVIC_SetPriorityGrouping)
    i.HAL_RCC_ClockConfig                    0x080019f0   Section        0  stm32f1xx_hal_rcc.o(i.HAL_RCC_ClockConfig)
    i.HAL_RCC_GetHCLKFreq                    0x08001b7c   Section        0  stm32f1xx_hal_rcc.o(i.HAL_RCC_GetHCLKFreq)
    i.HAL_RCC_GetPCLK1Freq                   0x08001b88   Section        0  stm32f1xx_hal_rcc.o(i.HAL_RCC_GetPCLK1Freq)
    i.HAL_RCC_GetPCLK2Freq                   0x08001ba8   Section        0  stm32f1xx_hal_rcc.o(i.HAL_RCC_GetPCLK2Freq)
    i.HAL_RCC_GetSysClockFreq                0x08001bc8   Section        0  stm32f1xx_hal_rcc.o(i.HAL_RCC_GetSysClockFreq)
    i.HAL_RCC_OscConfig                      0x08001c38   Section        0  stm32f1xx_hal_rcc.o(i.HAL_RCC_OscConfig)
    i.HAL_SYSTICK_Config                     0x0800209c   Section        0  stm32f1xx_hal_cortex.o(i.HAL_SYSTICK_Config)
    i.HAL_TIMEx_BreakCallback                0x080020d0   Section        0  stm32f1xx_hal_tim_ex.o(i.HAL_TIMEx_BreakCallback)
    i.HAL_TIMEx_CommutCallback               0x080020d2   Section        0  stm32f1xx_hal_tim_ex.o(i.HAL_TIMEx_CommutCallback)
    i.HAL_TIMEx_ConfigBreakDeadTime          0x080020d4   Section        0  stm32f1xx_hal_tim_ex.o(i.HAL_TIMEx_ConfigBreakDeadTime)
    i.HAL_TIMEx_MasterConfigSynchronization  0x08002148   Section        0  stm32f1xx_hal_tim_ex.o(i.HAL_TIMEx_MasterConfigSynchronization)
    i.HAL_TIM_Base_Init                      0x080021cc   Section        0  stm32f1xx_hal_tim.o(i.HAL_TIM_Base_Init)
    i.HAL_TIM_Base_MspInit                   0x08002234   Section        0  tim.o(i.HAL_TIM_Base_MspInit)
    i.HAL_TIM_Base_Start_IT                  0x08002278   Section        0  stm32f1xx_hal_tim.o(i.HAL_TIM_Base_Start_IT)
    i.HAL_TIM_ConfigClockSource              0x080022f0   Section        0  stm32f1xx_hal_tim.o(i.HAL_TIM_ConfigClockSource)
    i.HAL_TIM_Encoder_Init                   0x080023fc   Section        0  stm32f1xx_hal_tim.o(i.HAL_TIM_Encoder_Init)
    i.HAL_TIM_Encoder_MspInit                0x080024c0   Section        0  tim.o(i.HAL_TIM_Encoder_MspInit)
    i.HAL_TIM_Encoder_Start                  0x0800259c   Section        0  stm32f1xx_hal_tim.o(i.HAL_TIM_Encoder_Start)
    i.HAL_TIM_IC_CaptureCallback             0x08002668   Section        0  stm32f1xx_hal_tim.o(i.HAL_TIM_IC_CaptureCallback)
    i.HAL_TIM_IRQHandler                     0x0800266a   Section        0  stm32f1xx_hal_tim.o(i.HAL_TIM_IRQHandler)
    i.HAL_TIM_MspPostInit                    0x08002800   Section        0  tim.o(i.HAL_TIM_MspPostInit)
    i.HAL_TIM_OC_DelayElapsedCallback        0x08002858   Section        0  stm32f1xx_hal_tim.o(i.HAL_TIM_OC_DelayElapsedCallback)
    i.HAL_TIM_PWM_ConfigChannel              0x0800285a   Section        0  stm32f1xx_hal_tim.o(i.HAL_TIM_PWM_ConfigChannel)
    i.HAL_TIM_PWM_Init                       0x0800295e   Section        0  stm32f1xx_hal_tim.o(i.HAL_TIM_PWM_Init)
    i.HAL_TIM_PWM_MspInit                    0x080029c4   Section        0  stm32f1xx_hal_tim.o(i.HAL_TIM_PWM_MspInit)
    i.HAL_TIM_PWM_PulseFinishedCallback      0x080029c6   Section        0  stm32f1xx_hal_tim.o(i.HAL_TIM_PWM_PulseFinishedCallback)
    i.HAL_TIM_PWM_Start                      0x080029c8   Section        0  stm32f1xx_hal_tim.o(i.HAL_TIM_PWM_Start)
    i.HAL_TIM_PeriodElapsedCallback          0x08002a9c   Section        0  app.o(i.HAL_TIM_PeriodElapsedCallback)
    i.HAL_TIM_TriggerCallback                0x08002adc   Section        0  stm32f1xx_hal_tim.o(i.HAL_TIM_TriggerCallback)
    i.HAL_UARTEx_ReceiveToIdle_DMA           0x08002ade   Section        0  stm32f1xx_hal_uart.o(i.HAL_UARTEx_ReceiveToIdle_DMA)
    i.HAL_UARTEx_RxEventCallback             0x08002b50   Section        0  uart_it_config.o(i.HAL_UARTEx_RxEventCallback)
    i.HAL_UART_ErrorCallback                 0x08002b88   Section        0  uart_it_config.o(i.HAL_UART_ErrorCallback)
    i.HAL_UART_IRQHandler                    0x08002bb8   Section        0  stm32f1xx_hal_uart.o(i.HAL_UART_IRQHandler)
    i.HAL_UART_Init                          0x08002e9c   Section        0  stm32f1xx_hal_uart.o(i.HAL_UART_Init)
    i.HAL_UART_MspInit                       0x08002f14   Section        0  usart.o(i.HAL_UART_MspInit)
    i.HAL_UART_RxCpltCallback                0x0800310c   Section        0  stm32f1xx_hal_uart.o(i.HAL_UART_RxCpltCallback)
    i.HAL_UART_RxHalfCpltCallback            0x0800310e   Section        0  stm32f1xx_hal_uart.o(i.HAL_UART_RxHalfCpltCallback)
    i.HAL_UART_Transmit_DMA                  0x08003110   Section        0  stm32f1xx_hal_uart.o(i.HAL_UART_Transmit_DMA)
    i.HAL_UART_TxCpltCallback                0x0800319c   Section        0  stm32f1xx_hal_uart.o(i.HAL_UART_TxCpltCallback)
    i.HAL_UART_TxHalfCpltCallback            0x0800319e   Section        0  stm32f1xx_hal_uart.o(i.HAL_UART_TxHalfCpltCallback)
    i.HardFault_Handler                      0x080031a0   Section        0  stm32f1xx_it.o(i.HardFault_Handler)
    i.IIC_Start                              0x080031a4   Section        0  oled.o(i.IIC_Start)
    i.IIC_Stop                               0x080031d8   Section        0  oled.o(i.IIC_Stop)
    i.IIC_Wait_Ack                           0x08003200   Section        0  oled.o(i.IIC_Wait_Ack)
    i.Led_Toggle                             0x08003220   Section        0  led.o(i.Led_Toggle)
    i.LeftMotor_Back                         0x08003234   Section        0  motor.o(i.LeftMotor_Back)
    i.LeftMotor_Go                           0x08003248   Section        0  motor.o(i.LeftMotor_Go)
    i.MOTOR_INIT                             0x0800325c   Section        0  motor.o(i.MOTOR_INIT)
    i.MX_DMA_Init                            0x08003284   Section        0  dma.o(i.MX_DMA_Init)
    i.MX_GPIO_Init                           0x080032e8   Section        0  gpio.o(i.MX_GPIO_Init)
    i.MX_TIM1_Init                           0x080033ec   Section        0  tim.o(i.MX_TIM1_Init)
    i.MX_TIM2_Init                           0x080034d4   Section        0  tim.o(i.MX_TIM2_Init)
    i.MX_TIM4_Init                           0x0800354c   Section        0  tim.o(i.MX_TIM4_Init)
    i.MX_USART2_UART_Init                    0x080035c8   Section        0  usart.o(i.MX_USART2_UART_Init)
    i.MX_USART3_UART_Init                    0x08003600   Section        0  usart.o(i.MX_USART3_UART_Init)
    i.MemManage_Handler                      0x08003638   Section        0  stm32f1xx_it.o(i.MemManage_Handler)
    i.NMI_Handler                            0x0800363c   Section        0  stm32f1xx_it.o(i.NMI_Handler)
    i.OLED_Clear                             0x08003640   Section        0  oled.o(i.OLED_Clear)
    i.OLED_GPIO_Init                         0x0800367e   Section        0  oled.o(i.OLED_GPIO_Init)
    i.OLED_Init                              0x08003680   Section        0  oled.o(i.OLED_Init)
    i.OLED_Set_Pos                           0x08003760   Section        0  oled.o(i.OLED_Set_Pos)
    i.OLED_ShowChar                          0x08003788   Section        0  oled.o(i.OLED_ShowChar)
    i.OLED_ShowString                        0x0800382c   Section        0  oled.o(i.OLED_ShowString)
    i.OLED_WR_Byte                           0x08003866   Section        0  oled.o(i.OLED_WR_Byte)
    i.PID_Speed_A                            0x08003880   Section        0  pid.o(i.PID_Speed_A)
    i.PID_Speed_B                            0x0800397c   Section        0  pid.o(i.PID_Speed_B)
    i.PendSV_Handler                         0x08003a78   Section        0  stm32f1xx_it.o(i.PendSV_Handler)
    i.RCC_Delay                              0x08003a7c   Section        0  stm32f1xx_hal_rcc.o(i.RCC_Delay)
    RCC_Delay                                0x08003a7d   Thumb Code    36  stm32f1xx_hal_rcc.o(i.RCC_Delay)
    i.RightMotor_Back                        0x08003aa4   Section        0  motor.o(i.RightMotor_Back)
    i.RightMotor_Go                          0x08003ab8   Section        0  motor.o(i.RightMotor_Go)
    i.SVC_Handler                            0x08003acc   Section        0  stm32f1xx_it.o(i.SVC_Handler)
    i.SysTick_Handler                        0x08003ace   Section        0  stm32f1xx_it.o(i.SysTick_Handler)
    i.SystemClock_Config                     0x08003ad6   Section        0  main.o(i.SystemClock_Config)
    i.SystemInit                             0x08003b3c   Section        0  system_stm32f1xx.o(i.SystemInit)
    i.TIM1_UP_IRQHandler                     0x08003b40   Section        0  stm32f1xx_it.o(i.TIM1_UP_IRQHandler)
    i.TIM4_IRQHandler                        0x08003b50   Section        0  stm32f1xx_it.o(i.TIM4_IRQHandler)
    i.TIM_Base_SetConfig                     0x08003b60   Section        0  stm32f1xx_hal_tim.o(i.TIM_Base_SetConfig)
    i.TIM_CCxChannelCmd                      0x08003bd4   Section        0  stm32f1xx_hal_tim.o(i.TIM_CCxChannelCmd)
    i.TIM_ETR_SetConfig                      0x08003bf6   Section        0  stm32f1xx_hal_tim.o(i.TIM_ETR_SetConfig)
    i.TIM_ITRx_SetConfig                     0x08003c0c   Section        0  stm32f1xx_hal_tim.o(i.TIM_ITRx_SetConfig)
    TIM_ITRx_SetConfig                       0x08003c0d   Thumb Code    18  stm32f1xx_hal_tim.o(i.TIM_ITRx_SetConfig)
    i.TIM_OC1_SetConfig                      0x08003c20   Section        0  stm32f1xx_hal_tim.o(i.TIM_OC1_SetConfig)
    TIM_OC1_SetConfig                        0x08003c21   Thumb Code    90  stm32f1xx_hal_tim.o(i.TIM_OC1_SetConfig)
    i.TIM_OC2_SetConfig                      0x08003c80   Section        0  stm32f1xx_hal_tim.o(i.TIM_OC2_SetConfig)
    i.TIM_OC3_SetConfig                      0x08003ce8   Section        0  stm32f1xx_hal_tim.o(i.TIM_OC3_SetConfig)
    TIM_OC3_SetConfig                        0x08003ce9   Thumb Code    98  stm32f1xx_hal_tim.o(i.TIM_OC3_SetConfig)
    i.TIM_OC4_SetConfig                      0x08003d50   Section        0  stm32f1xx_hal_tim.o(i.TIM_OC4_SetConfig)
    TIM_OC4_SetConfig                        0x08003d51   Thumb Code    68  stm32f1xx_hal_tim.o(i.TIM_OC4_SetConfig)
    i.TIM_TI1_ConfigInputStage               0x08003d98   Section        0  stm32f1xx_hal_tim.o(i.TIM_TI1_ConfigInputStage)
    TIM_TI1_ConfigInputStage                 0x08003d99   Thumb Code    38  stm32f1xx_hal_tim.o(i.TIM_TI1_ConfigInputStage)
    i.TIM_TI2_ConfigInputStage               0x08003dbe   Section        0  stm32f1xx_hal_tim.o(i.TIM_TI2_ConfigInputStage)
    TIM_TI2_ConfigInputStage                 0x08003dbf   Thumb Code    40  stm32f1xx_hal_tim.o(i.TIM_TI2_ConfigInputStage)
    i.UART2_ErrorCallback                    0x08003de6   Section        0  uart_2.o(i.UART2_ErrorCallback)
    i.UART2_Init                             0x08003df0   Section        0  uart_2.o(i.UART2_Init)
    i.UART3_ErrorCallback                    0x08003e2c   Section        0  uart_1.o(i.UART3_ErrorCallback)
    i.UART3_Init                             0x08003e38   Section        0  uart_1.o(i.UART3_Init)
    i.UARTE2_RxEventCallback                 0x08003e74   Section        0  uart_2.o(i.UARTE2_RxEventCallback)
    i.UARTE3_RxEventCallback                 0x08003ea4   Section        0  uart_1.o(i.UARTE3_RxEventCallback)
    i.UART_DMAAbortOnError                   0x08003ecc   Section        0  stm32f1xx_hal_uart.o(i.UART_DMAAbortOnError)
    UART_DMAAbortOnError                     0x08003ecd   Thumb Code    20  stm32f1xx_hal_uart.o(i.UART_DMAAbortOnError)
    i.UART_DMAError                          0x08003ee0   Section        0  stm32f1xx_hal_uart.o(i.UART_DMAError)
    UART_DMAError                            0x08003ee1   Thumb Code    80  stm32f1xx_hal_uart.o(i.UART_DMAError)
    i.UART_DMAReceiveCplt                    0x08003f30   Section        0  stm32f1xx_hal_uart.o(i.UART_DMAReceiveCplt)
    UART_DMAReceiveCplt                      0x08003f31   Thumb Code   180  stm32f1xx_hal_uart.o(i.UART_DMAReceiveCplt)
    i.UART_DMARxHalfCplt                     0x08003fe4   Section        0  stm32f1xx_hal_uart.o(i.UART_DMARxHalfCplt)
    UART_DMARxHalfCplt                       0x08003fe5   Thumb Code    36  stm32f1xx_hal_uart.o(i.UART_DMARxHalfCplt)
    i.UART_DMATransmitCplt                   0x08004008   Section        0  stm32f1xx_hal_uart.o(i.UART_DMATransmitCplt)
    UART_DMATransmitCplt                     0x08004009   Thumb Code    88  stm32f1xx_hal_uart.o(i.UART_DMATransmitCplt)
    i.UART_DMATxHalfCplt                     0x08004060   Section        0  stm32f1xx_hal_uart.o(i.UART_DMATxHalfCplt)
    UART_DMATxHalfCplt                       0x08004061   Thumb Code    14  stm32f1xx_hal_uart.o(i.UART_DMATxHalfCplt)
    i.UART_EndRxTransfer                     0x0800406e   Section        0  stm32f1xx_hal_uart.o(i.UART_EndRxTransfer)
    UART_EndRxTransfer                       0x0800406f   Thumb Code   108  stm32f1xx_hal_uart.o(i.UART_EndRxTransfer)
    i.UART_EndTransmit_IT                    0x080040da   Section        0  stm32f1xx_hal_uart.o(i.UART_EndTransmit_IT)
    UART_EndTransmit_IT                      0x080040db   Thumb Code    32  stm32f1xx_hal_uart.o(i.UART_EndTransmit_IT)
    i.UART_EndTxTransfer                     0x080040fa   Section        0  stm32f1xx_hal_uart.o(i.UART_EndTxTransfer)
    UART_EndTxTransfer                       0x080040fb   Thumb Code    38  stm32f1xx_hal_uart.o(i.UART_EndTxTransfer)
    i.UART_IT_Init                           0x08004120   Section        0  uart_it_config.o(i.UART_IT_Init)
    i.UART_Receive_IT                        0x0800412c   Section        0  stm32f1xx_hal_uart.o(i.UART_Receive_IT)
    UART_Receive_IT                          0x0800412d   Thumb Code   252  stm32f1xx_hal_uart.o(i.UART_Receive_IT)
    i.UART_SetConfig                         0x08004228   Section        0  stm32f1xx_hal_uart.o(i.UART_SetConfig)
    UART_SetConfig                           0x08004229   Thumb Code   248  stm32f1xx_hal_uart.o(i.UART_SetConfig)
    i.UART_Start_Receive_DMA                 0x08004324   Section        0  stm32f1xx_hal_uart.o(i.UART_Start_Receive_DMA)
    i.UART_Transmit_IT                       0x080043ec   Section        0  stm32f1xx_hal_uart.o(i.UART_Transmit_IT)
    UART_Transmit_IT                         0x080043ed   Thumb Code    96  stm32f1xx_hal_uart.o(i.UART_Transmit_IT)
    i.USART2_IRQHandler                      0x0800444c   Section        0  stm32f1xx_it.o(i.USART2_IRQHandler)
    i.USART3_IRQHandler                      0x0800445c   Section        0  stm32f1xx_it.o(i.USART3_IRQHandler)
    i.UsageFault_Handler                     0x0800446c   Section        0  stm32f1xx_it.o(i.UsageFault_Handler)
    i.Usart3DmaPrintf                        0x08004470   Section        0  uart_1.o(i.Usart3DmaPrintf)
    i.Write_IIC_Byte                         0x080044a4   Section        0  oled.o(i.Write_IIC_Byte)
    i.Write_IIC_Command                      0x08004508   Section        0  oled.o(i.Write_IIC_Command)
    i.Write_IIC_Data                         0x08004534   Section        0  oled.o(i.Write_IIC_Data)
    i.__0sprintf                             0x08004560   Section        0  printfa.o(i.__0sprintf)
    i.__0vsnprintf                           0x08004588   Section        0  printfa.o(i.__0vsnprintf)
    i.__NVIC_GetPriorityGrouping             0x080045bc   Section        0  stm32f1xx_hal_cortex.o(i.__NVIC_GetPriorityGrouping)
    __NVIC_GetPriorityGrouping               0x080045bd   Thumb Code    10  stm32f1xx_hal_cortex.o(i.__NVIC_GetPriorityGrouping)
    i.__NVIC_SetPriority                     0x080045cc   Section        0  stm32f1xx_hal_cortex.o(i.__NVIC_SetPriority)
    __NVIC_SetPriority                       0x080045cd   Thumb Code    32  stm32f1xx_hal_cortex.o(i.__NVIC_SetPriority)
    i.__scatterload_copy                     0x080045f4   Section       14  handlers.o(i.__scatterload_copy)
    i.__scatterload_null                     0x08004602   Section        2  handlers.o(i.__scatterload_null)
    i.__scatterload_zeroinit                 0x08004604   Section       14  handlers.o(i.__scatterload_zeroinit)
    i._fp_digits                             0x08004614   Section        0  printfa.o(i._fp_digits)
    _fp_digits                               0x08004615   Thumb Code   366  printfa.o(i._fp_digits)
    i._printf_core                           0x08004798   Section        0  printfa.o(i._printf_core)
    _printf_core                             0x08004799   Thumb Code  1704  printfa.o(i._printf_core)
    i._printf_post_padding                   0x08004e4c   Section        0  printfa.o(i._printf_post_padding)
    _printf_post_padding                     0x08004e4d   Thumb Code    36  printfa.o(i._printf_post_padding)
    i._printf_pre_padding                    0x08004e70   Section        0  printfa.o(i._printf_pre_padding)
    _printf_pre_padding                      0x08004e71   Thumb Code    46  printfa.o(i._printf_pre_padding)
    i._snputc                                0x08004e9e   Section        0  printfa.o(i._snputc)
    _snputc                                  0x08004e9f   Thumb Code    22  printfa.o(i._snputc)
    i._sputc                                 0x08004eb4   Section        0  printfa.o(i._sputc)
    _sputc                                   0x08004eb5   Thumb Code    10  printfa.o(i._sputc)
    i.encoder_speed                          0x08004ec0   Section        0  encoder.o(i.encoder_speed)
    i.main                                   0x08004f34   Section        0  main.o(i.main)
    i.motorset                               0x08004f64   Section        0  motor.o(i.motorset)
    .constdata                               0x08004ff0   Section     2072  oled.o(.constdata)
    .constdata                               0x08005808   Section       18  stm32f1xx_hal_rcc.o(.constdata)
    aPLLMULFactorTable                       0x08005808   Data          16  stm32f1xx_hal_rcc.o(.constdata)
    aPredivFactorTable                       0x08005818   Data           2  stm32f1xx_hal_rcc.o(.constdata)
    .constdata                               0x0800581a   Section       24  system_stm32f1xx.o(.constdata)
    .constdata                               0x08005832   Section       64  ctype_c.o(.constdata)
    .data                                    0x20000000   Section       88  app.o(.data)
    count                                    0x20000056   Data           2  app.o(.data)
    .data                                    0x20000058   Section        2  uart_1.o(.data)
    .data                                    0x2000005a   Section        2  uart_2.o(.data)
    .data                                    0x2000005c   Section        8  encoder.o(.data)
    .data                                    0x20000064   Section       64  pid.o(.data)
    Speed_PWM_Out                            0x20000080   Data           4  pid.o(.data)
    Err_Speed                                0x20000084   Data           4  pid.o(.data)
    L_Speed_Err                              0x20000088   Data           4  pid.o(.data)
    L_L_Speed_Err                            0x2000008c   Data           4  pid.o(.data)
    Err_Speed_Sum                            0x20000090   Data           4  pid.o(.data)
    Speed_PWM_Out                            0x20000094   Data           4  pid.o(.data)
    Err_Speed                                0x20000098   Data           4  pid.o(.data)
    L_Speed_Err                              0x2000009c   Data           4  pid.o(.data)
    L_L_Speed_Err                            0x200000a0   Data           4  pid.o(.data)
    .data                                    0x200000a4   Section        9  stm32f1xx_hal.o(.data)
    .data                                    0x200000b0   Section        4  system_stm32f1xx.o(.data)
    .bss                                     0x200000b4   Section      216  tim.o(.bss)
    .bss                                     0x2000018c   Section      416  usart.o(.bss)
    .bss                                     0x2000032c   Section      384  app.o(.bss)
    .bss                                     0x200004ac   Section      512  uart_1.o(.bss)
    .bss                                     0x200006ac   Section      512  uart_2.o(.bss)
    STACK                                    0x200008b0   Section     1024  startup_stm32f103xb.o(STACK)

    Global Symbols

    Symbol Name                              Value     Ov Type        Size  Object(Section)

    BuildAttributes$$THM_ISAv4$P$D$K$B$S$PE$A:L22UL41UL21$X:L11$S22US41US21$IEEE1$IW$USESV6$~STKCKD$USESV7$~SHL$OTIME$ROPI$EBA8$MICROLIB$REQ8$PRES8$EABIv2 0x00000000   Number         0  anon$$obj.o ABSOLUTE
    __ARM_use_no_argv                        0x00000000   Number         0  main.o ABSOLUTE
    _printf_a                                0x00000000   Number         0  stubs.o ABSOLUTE
    _printf_c                                0x00000000   Number         0  stubs.o ABSOLUTE
    _printf_charcount                        0x00000000   Number         0  stubs.o ABSOLUTE
    _printf_d                                0x00000000   Number         0  stubs.o ABSOLUTE
    _printf_e                                0x00000000   Number         0  stubs.o ABSOLUTE
    _printf_f                                0x00000000   Number         0  stubs.o ABSOLUTE
    _printf_flags                            0x00000000   Number         0  stubs.o ABSOLUTE
    _printf_fp_dec                           0x00000000   Number         0  stubs.o ABSOLUTE
    _printf_fp_hex                           0x00000000   Number         0  stubs.o ABSOLUTE
    _printf_g                                0x00000000   Number         0  stubs.o ABSOLUTE
    _printf_i                                0x00000000   Number         0  stubs.o ABSOLUTE
    _printf_int_dec                          0x00000000   Number         0  stubs.o ABSOLUTE
    _printf_l                                0x00000000   Number         0  stubs.o ABSOLUTE
    _printf_lc                               0x00000000   Number         0  stubs.o ABSOLUTE
    _printf_ll                               0x00000000   Number         0  stubs.o ABSOLUTE
    _printf_lld                              0x00000000   Number         0  stubs.o ABSOLUTE
    _printf_lli                              0x00000000   Number         0  stubs.o ABSOLUTE
    _printf_llo                              0x00000000   Number         0  stubs.o ABSOLUTE
    _printf_llu                              0x00000000   Number         0  stubs.o ABSOLUTE
    _printf_llx                              0x00000000   Number         0  stubs.o ABSOLUTE
    _printf_longlong_dec                     0x00000000   Number         0  stubs.o ABSOLUTE
    _printf_longlong_hex                     0x00000000   Number         0  stubs.o ABSOLUTE
    _printf_longlong_oct                     0x00000000   Number         0  stubs.o ABSOLUTE
    _printf_ls                               0x00000000   Number         0  stubs.o ABSOLUTE
    _printf_mbtowc                           0x00000000   Number         0  stubs.o ABSOLUTE
    _printf_n                                0x00000000   Number         0  stubs.o ABSOLUTE
    _printf_o                                0x00000000   Number         0  stubs.o ABSOLUTE
    _printf_p                                0x00000000   Number         0  stubs.o ABSOLUTE
    _printf_percent                          0x00000000   Number         0  stubs.o ABSOLUTE
    _printf_pre_padding                      0x00000000   Number         0  stubs.o ABSOLUTE
    _printf_return_value                     0x00000000   Number         0  stubs.o ABSOLUTE
    _printf_s                                0x00000000   Number         0  stubs.o ABSOLUTE
    _printf_sizespec                         0x00000000   Number         0  stubs.o ABSOLUTE
    _printf_str                              0x00000000   Number         0  stubs.o ABSOLUTE
    _printf_truncate_signed                  0x00000000   Number         0  stubs.o ABSOLUTE
    _printf_truncate_unsigned                0x00000000   Number         0  stubs.o ABSOLUTE
    _printf_u                                0x00000000   Number         0  stubs.o ABSOLUTE
    _printf_wc                               0x00000000   Number         0  stubs.o ABSOLUTE
    _printf_wctomb                           0x00000000   Number         0  stubs.o ABSOLUTE
    _printf_widthprec                        0x00000000   Number         0  stubs.o ABSOLUTE
    _printf_x                                0x00000000   Number         0  stubs.o ABSOLUTE
    __arm_fini_                               - Undefined Weak Reference
    __cpp_initialize__aeabi_                  - Undefined Weak Reference
    __cxa_finalize                            - Undefined Weak Reference
    __decompress                              - Undefined Weak Reference
    _clock_init                               - Undefined Weak Reference
    _microlib_exit                            - Undefined Weak Reference
    _scanf_longlong                           - Undefined Weak Reference
    _scanf_real                               - Undefined Weak Reference
    _scanf_string                             - Undefined Weak Reference
    __Vectors_Size                           0x000000ec   Number         0  startup_stm32f103xb.o ABSOLUTE
    __Vectors                                0x08000000   Data           4  startup_stm32f103xb.o(RESET)
    __Vectors_End                            0x080000ec   Data           0  startup_stm32f103xb.o(RESET)
    __main                                   0x080000ed   Thumb Code     0  entry.o(.ARM.Collect$$$$00000000)
    _main_stk                                0x080000ed   Thumb Code     0  entry2.o(.ARM.Collect$$$$00000001)
    _main_scatterload                        0x080000f1   Thumb Code     0  entry5.o(.ARM.Collect$$$$00000004)
    __main_after_scatterload                 0x080000f5   Thumb Code     0  entry5.o(.ARM.Collect$$$$00000004)
    _main_clock                              0x080000f5   Thumb Code     0  entry7b.o(.ARM.Collect$$$$00000008)
    _main_cpp_init                           0x080000f5   Thumb Code     0  entry8b.o(.ARM.Collect$$$$0000000A)
    _main_init                               0x080000f5   Thumb Code     0  entry9a.o(.ARM.Collect$$$$0000000B)
    __rt_lib_shutdown_fini                   0x080000fd   Thumb Code     0  entry12b.o(.ARM.Collect$$$$0000000E)
    __rt_final_cpp                           0x08000101   Thumb Code     0  entry10a.o(.ARM.Collect$$$$0000000F)
    __rt_final_exit                          0x08000101   Thumb Code     0  entry11a.o(.ARM.Collect$$$$00000011)
    Reset_Handler                            0x08000105   Thumb Code     8  startup_stm32f103xb.o(.text)
    ADC1_2_IRQHandler                        0x0800011f   Thumb Code     0  startup_stm32f103xb.o(.text)
    CAN1_RX1_IRQHandler                      0x0800011f   Thumb Code     0  startup_stm32f103xb.o(.text)
    CAN1_SCE_IRQHandler                      0x0800011f   Thumb Code     0  startup_stm32f103xb.o(.text)
    DMA1_Channel1_IRQHandler                 0x0800011f   Thumb Code     0  startup_stm32f103xb.o(.text)
    DMA1_Channel4_IRQHandler                 0x0800011f   Thumb Code     0  startup_stm32f103xb.o(.text)
    DMA1_Channel5_IRQHandler                 0x0800011f   Thumb Code     0  startup_stm32f103xb.o(.text)
    EXTI0_IRQHandler                         0x0800011f   Thumb Code     0  startup_stm32f103xb.o(.text)
    EXTI15_10_IRQHandler                     0x0800011f   Thumb Code     0  startup_stm32f103xb.o(.text)
    EXTI1_IRQHandler                         0x0800011f   Thumb Code     0  startup_stm32f103xb.o(.text)
    EXTI2_IRQHandler                         0x0800011f   Thumb Code     0  startup_stm32f103xb.o(.text)
    EXTI3_IRQHandler                         0x0800011f   Thumb Code     0  startup_stm32f103xb.o(.text)
    EXTI4_IRQHandler                         0x0800011f   Thumb Code     0  startup_stm32f103xb.o(.text)
    EXTI9_5_IRQHandler                       0x0800011f   Thumb Code     0  startup_stm32f103xb.o(.text)
    FLASH_IRQHandler                         0x0800011f   Thumb Code     0  startup_stm32f103xb.o(.text)
    I2C1_ER_IRQHandler                       0x0800011f   Thumb Code     0  startup_stm32f103xb.o(.text)
    I2C1_EV_IRQHandler                       0x0800011f   Thumb Code     0  startup_stm32f103xb.o(.text)
    I2C2_ER_IRQHandler                       0x0800011f   Thumb Code     0  startup_stm32f103xb.o(.text)
    I2C2_EV_IRQHandler                       0x0800011f   Thumb Code     0  startup_stm32f103xb.o(.text)
    PVD_IRQHandler                           0x0800011f   Thumb Code     0  startup_stm32f103xb.o(.text)
    RCC_IRQHandler                           0x0800011f   Thumb Code     0  startup_stm32f103xb.o(.text)
    RTC_Alarm_IRQHandler                     0x0800011f   Thumb Code     0  startup_stm32f103xb.o(.text)
    RTC_IRQHandler                           0x0800011f   Thumb Code     0  startup_stm32f103xb.o(.text)
    SPI1_IRQHandler                          0x0800011f   Thumb Code     0  startup_stm32f103xb.o(.text)
    SPI2_IRQHandler                          0x0800011f   Thumb Code     0  startup_stm32f103xb.o(.text)
    TAMPER_IRQHandler                        0x0800011f   Thumb Code     0  startup_stm32f103xb.o(.text)
    TIM1_BRK_IRQHandler                      0x0800011f   Thumb Code     0  startup_stm32f103xb.o(.text)
    TIM1_CC_IRQHandler                       0x0800011f   Thumb Code     0  startup_stm32f103xb.o(.text)
    TIM1_TRG_COM_IRQHandler                  0x0800011f   Thumb Code     0  startup_stm32f103xb.o(.text)
    TIM2_IRQHandler                          0x0800011f   Thumb Code     0  startup_stm32f103xb.o(.text)
    TIM3_IRQHandler                          0x0800011f   Thumb Code     0  startup_stm32f103xb.o(.text)
    USART1_IRQHandler                        0x0800011f   Thumb Code     0  startup_stm32f103xb.o(.text)
    USBWakeUp_IRQHandler                     0x0800011f   Thumb Code     0  startup_stm32f103xb.o(.text)
    USB_HP_CAN1_TX_IRQHandler                0x0800011f   Thumb Code     0  startup_stm32f103xb.o(.text)
    USB_LP_CAN1_RX0_IRQHandler               0x0800011f   Thumb Code     0  startup_stm32f103xb.o(.text)
    WWDG_IRQHandler                          0x0800011f   Thumb Code     0  startup_stm32f103xb.o(.text)
    __aeabi_llsr                             0x08000129   Thumb Code    32  llushr.o(.text)
    _ll_ushift_r                             0x08000129   Thumb Code     0  llushr.o(.text)
    __aeabi_memset                           0x08000149   Thumb Code    14  memseta.o(.text)
    __aeabi_memset4                          0x08000149   Thumb Code     0  memseta.o(.text)
    __aeabi_memset8                          0x08000149   Thumb Code     0  memseta.o(.text)
    __aeabi_memclr                           0x08000157   Thumb Code     4  memseta.o(.text)
    __aeabi_memclr4                          0x08000157   Thumb Code     0  memseta.o(.text)
    __aeabi_memclr8                          0x08000157   Thumb Code     0  memseta.o(.text)
    _memset$wrapper                          0x0800015b   Thumb Code    18  memseta.o(.text)
    strcpy                                   0x0800016d   Thumb Code    18  strcpy.o(.text)
    __0sscanf                                0x08000181   Thumb Code    48  __0sscanf.o(.text)
    _scanf_int                               0x080001b9   Thumb Code   332  _scanf_int.o(.text)
    __aeabi_fadd                             0x08000305   Thumb Code   164  fadd.o(.text)
    __aeabi_fsub                             0x080003a9   Thumb Code     6  fadd.o(.text)
    __aeabi_frsub                            0x080003af   Thumb Code     6  fadd.o(.text)
    __aeabi_fmul                             0x080003b5   Thumb Code   100  fmul.o(.text)
    __aeabi_i2f                              0x08000419   Thumb Code    18  fflti.o(.text)
    __aeabi_f2iz                             0x0800042b   Thumb Code    50  ffixi.o(.text)
    __aeabi_uidiv                            0x0800045d   Thumb Code     0  uidiv.o(.text)
    __aeabi_uidivmod                         0x0800045d   Thumb Code    44  uidiv.o(.text)
    __aeabi_uldivmod                         0x08000489   Thumb Code    98  uldiv.o(.text)
    _chval                                   0x080004eb   Thumb Code    28  _chval.o(.text)
    __vfscanf_char                           0x08000515   Thumb Code    20  scanf_char.o(.text)
    _sgetc                                   0x08000531   Thumb Code    30  _sgetc.o(.text)
    _sbackspace                              0x0800054f   Thumb Code    34  _sgetc.o(.text)
    __I$use$fp                               0x08000571   Thumb Code     0  iusefp.o(.text)
    _float_round                             0x08000571   Thumb Code    18  fepilogue.o(.text)
    _float_epilogue                          0x08000583   Thumb Code    92  fepilogue.o(.text)
    __aeabi_dadd                             0x080005df   Thumb Code   322  dadd.o(.text)
    __aeabi_dsub                             0x08000721   Thumb Code     6  dadd.o(.text)
    __aeabi_drsub                            0x08000727   Thumb Code     6  dadd.o(.text)
    __aeabi_dmul                             0x0800072d   Thumb Code   228  dmul.o(.text)
    __aeabi_ddiv                             0x08000811   Thumb Code   222  ddiv.o(.text)
    __aeabi_d2ulz                            0x080008ef   Thumb Code    48  dfixul.o(.text)
    __aeabi_cdrcmple                         0x08000921   Thumb Code    48  cdrcmple.o(.text)
    __scatterload                            0x08000951   Thumb Code    28  init.o(.text)
    __scatterload_rt2                        0x08000951   Thumb Code     0  init.o(.text)
    __aeabi_llsl                             0x08000975   Thumb Code    30  llshl.o(.text)
    _ll_shift_l                              0x08000975   Thumb Code     0  llshl.o(.text)
    __aeabi_lasr                             0x08000993   Thumb Code    36  llsshr.o(.text)
    _ll_sshift_r                             0x08000993   Thumb Code     0  llsshr.o(.text)
    isspace                                  0x080009b7   Thumb Code    10  isspace_c.o(.text)
    __vfscanf                                0x080009c1   Thumb Code   810  _scanf.o(.text)
    _double_round                            0x08000cf1   Thumb Code    30  depilogue.o(.text)
    _double_epilogue                         0x08000d0f   Thumb Code   156  depilogue.o(.text)
    __ctype_lookup                           0x08000dad   Thumb Code    34  ctype_c.o(.text)
    App_Init                                 0x08000dd5   Thumb Code    60  app.o(i.App_Init)
    App_Task                                 0x08000e59   Thumb Code   170  app.o(i.App_Task)
    BusFault_Handler                         0x08000fbd   Thumb Code     4  stm32f1xx_it.o(i.BusFault_Handler)
    Car_PID_Ctrl                             0x08000fc1   Thumb Code   106  pid.o(i.Car_PID_Ctrl)
    DMA1_Channel2_IRQHandler                 0x08001051   Thumb Code    10  stm32f1xx_it.o(i.DMA1_Channel2_IRQHandler)
    DMA1_Channel3_IRQHandler                 0x08001061   Thumb Code    10  stm32f1xx_it.o(i.DMA1_Channel3_IRQHandler)
    DMA1_Channel6_IRQHandler                 0x08001071   Thumb Code    10  stm32f1xx_it.o(i.DMA1_Channel6_IRQHandler)
    DMA1_Channel7_IRQHandler                 0x08001081   Thumb Code    10  stm32f1xx_it.o(i.DMA1_Channel7_IRQHandler)
    DebugMon_Handler                         0x080010bd   Thumb Code     2  stm32f1xx_it.o(i.DebugMon_Handler)
    ENCODER_INIT                             0x080010c1   Thumb Code    20  encoder.o(i.ENCODER_INIT)
    Encoder_Count_Clear                      0x080010dd   Thumb Code    28  encoder.o(i.Encoder_Count_Clear)
    Encoder_Value                            0x08001101   Thumb Code    34  encoder.o(i.Encoder_Value)
    Error_Handler                            0x0800112d   Thumb Code     6  main.o(i.Error_Handler)
    HAL_DMA_Abort                            0x08001133   Thumb Code    86  stm32f1xx_hal_dma.o(i.HAL_DMA_Abort)
    HAL_DMA_Abort_IT                         0x08001189   Thumb Code   172  stm32f1xx_hal_dma.o(i.HAL_DMA_Abort_IT)
    HAL_DMA_IRQHandler                       0x08001239   Thumb Code   408  stm32f1xx_hal_dma.o(i.HAL_DMA_IRQHandler)
    HAL_DMA_Init                             0x080013d5   Thumb Code   100  stm32f1xx_hal_dma.o(i.HAL_DMA_Init)
    HAL_DMA_Start_IT                         0x0800143d   Thumb Code   156  stm32f1xx_hal_dma.o(i.HAL_DMA_Start_IT)
    HAL_Delay                                0x080014d9   Thumb Code    36  stm32f1xx_hal.o(i.HAL_Delay)
    HAL_GPIO_Init                            0x08001501   Thumb Code   766  stm32f1xx_hal_gpio.o(i.HAL_GPIO_Init)
    HAL_GPIO_TogglePin                       0x08001821   Thumb Code    20  stm32f1xx_hal_gpio.o(i.HAL_GPIO_TogglePin)
    HAL_GPIO_WritePin                        0x08001835   Thumb Code    12  stm32f1xx_hal_gpio.o(i.HAL_GPIO_WritePin)
    HAL_GetTick                              0x08001841   Thumb Code     6  stm32f1xx_hal.o(i.HAL_GetTick)
    HAL_IncTick                              0x0800184d   Thumb Code    16  stm32f1xx_hal.o(i.HAL_IncTick)
    HAL_Init                                 0x08001865   Thumb Code    34  stm32f1xx_hal.o(i.HAL_Init)
    HAL_InitTick                             0x0800188d   Thumb Code    64  stm32f1xx_hal.o(i.HAL_InitTick)
    HAL_MspInit                              0x080018d9   Thumb Code    76  stm32f1xx_hal_msp.o(i.HAL_MspInit)
    HAL_NVIC_EnableIRQ                       0x0800192d   Thumb Code    32  stm32f1xx_hal_cortex.o(i.HAL_NVIC_EnableIRQ)
    HAL_NVIC_SetPriority                     0x0800194d   Thumb Code   124  stm32f1xx_hal_cortex.o(i.HAL_NVIC_SetPriority)
    HAL_NVIC_SetPriorityGrouping             0x080019c9   Thumb Code    32  stm32f1xx_hal_cortex.o(i.HAL_NVIC_SetPriorityGrouping)
    HAL_RCC_ClockConfig                      0x080019f1   Thumb Code   376  stm32f1xx_hal_rcc.o(i.HAL_RCC_ClockConfig)
    HAL_RCC_GetHCLKFreq                      0x08001b7d   Thumb Code     6  stm32f1xx_hal_rcc.o(i.HAL_RCC_GetHCLKFreq)
    HAL_RCC_GetPCLK1Freq                     0x08001b89   Thumb Code    22  stm32f1xx_hal_rcc.o(i.HAL_RCC_GetPCLK1Freq)
    HAL_RCC_GetPCLK2Freq                     0x08001ba9   Thumb Code    22  stm32f1xx_hal_rcc.o(i.HAL_RCC_GetPCLK2Freq)
    HAL_RCC_GetSysClockFreq                  0x08001bc9   Thumb Code    92  stm32f1xx_hal_rcc.o(i.HAL_RCC_GetSysClockFreq)
    HAL_RCC_OscConfig                        0x08001c39   Thumb Code  1114  stm32f1xx_hal_rcc.o(i.HAL_RCC_OscConfig)
    HAL_SYSTICK_Config                       0x0800209d   Thumb Code    52  stm32f1xx_hal_cortex.o(i.HAL_SYSTICK_Config)
    HAL_TIMEx_BreakCallback                  0x080020d1   Thumb Code     2  stm32f1xx_hal_tim_ex.o(i.HAL_TIMEx_BreakCallback)
    HAL_TIMEx_CommutCallback                 0x080020d3   Thumb Code     2  stm32f1xx_hal_tim_ex.o(i.HAL_TIMEx_CommutCallback)
    HAL_TIMEx_ConfigBreakDeadTime            0x080020d5   Thumb Code   116  stm32f1xx_hal_tim_ex.o(i.HAL_TIMEx_ConfigBreakDeadTime)
    HAL_TIMEx_MasterConfigSynchronization    0x08002149   Thumb Code   118  stm32f1xx_hal_tim_ex.o(i.HAL_TIMEx_MasterConfigSynchronization)
    HAL_TIM_Base_Init                        0x080021cd   Thumb Code   102  stm32f1xx_hal_tim.o(i.HAL_TIM_Base_Init)
    HAL_TIM_Base_MspInit                     0x08002235   Thumb Code    58  tim.o(i.HAL_TIM_Base_MspInit)
    HAL_TIM_Base_Start_IT                    0x08002279   Thumb Code   106  stm32f1xx_hal_tim.o(i.HAL_TIM_Base_Start_IT)
    HAL_TIM_ConfigClockSource                0x080022f1   Thumb Code   268  stm32f1xx_hal_tim.o(i.HAL_TIM_ConfigClockSource)
    HAL_TIM_Encoder_Init                     0x080023fd   Thumb Code   196  stm32f1xx_hal_tim.o(i.HAL_TIM_Encoder_Init)
    HAL_TIM_Encoder_MspInit                  0x080024c1   Thumb Code   202  tim.o(i.HAL_TIM_Encoder_MspInit)
    HAL_TIM_Encoder_Start                    0x0800259d   Thumb Code   204  stm32f1xx_hal_tim.o(i.HAL_TIM_Encoder_Start)
    HAL_TIM_IC_CaptureCallback               0x08002669   Thumb Code     2  stm32f1xx_hal_tim.o(i.HAL_TIM_IC_CaptureCallback)
    HAL_TIM_IRQHandler                       0x0800266b   Thumb Code   406  stm32f1xx_hal_tim.o(i.HAL_TIM_IRQHandler)
    HAL_TIM_MspPostInit                      0x08002801   Thumb Code    76  tim.o(i.HAL_TIM_MspPostInit)
    HAL_TIM_OC_DelayElapsedCallback          0x08002859   Thumb Code     2  stm32f1xx_hal_tim.o(i.HAL_TIM_OC_DelayElapsedCallback)
    HAL_TIM_PWM_ConfigChannel                0x0800285b   Thumb Code   260  stm32f1xx_hal_tim.o(i.HAL_TIM_PWM_ConfigChannel)
    HAL_TIM_PWM_Init                         0x0800295f   Thumb Code   102  stm32f1xx_hal_tim.o(i.HAL_TIM_PWM_Init)
    HAL_TIM_PWM_MspInit                      0x080029c5   Thumb Code     2  stm32f1xx_hal_tim.o(i.HAL_TIM_PWM_MspInit)
    HAL_TIM_PWM_PulseFinishedCallback        0x080029c7   Thumb Code     2  stm32f1xx_hal_tim.o(i.HAL_TIM_PWM_PulseFinishedCallback)
    HAL_TIM_PWM_Start                        0x080029c9   Thumb Code   198  stm32f1xx_hal_tim.o(i.HAL_TIM_PWM_Start)
    HAL_TIM_PeriodElapsedCallback            0x08002a9d   Thumb Code    60  app.o(i.HAL_TIM_PeriodElapsedCallback)
    HAL_TIM_TriggerCallback                  0x08002add   Thumb Code     2  stm32f1xx_hal_tim.o(i.HAL_TIM_TriggerCallback)
    HAL_UARTEx_ReceiveToIdle_DMA             0x08002adf   Thumb Code   114  stm32f1xx_hal_uart.o(i.HAL_UARTEx_ReceiveToIdle_DMA)
    HAL_UARTEx_RxEventCallback               0x08002b51   Thumb Code    46  uart_it_config.o(i.HAL_UARTEx_RxEventCallback)
    HAL_UART_ErrorCallback                   0x08002b89   Thumb Code    40  uart_it_config.o(i.HAL_UART_ErrorCallback)
    HAL_UART_IRQHandler                      0x08002bb9   Thumb Code   736  stm32f1xx_hal_uart.o(i.HAL_UART_IRQHandler)
    HAL_UART_Init                            0x08002e9d   Thumb Code   118  stm32f1xx_hal_uart.o(i.HAL_UART_Init)
    HAL_UART_MspInit                         0x08002f15   Thumb Code   462  usart.o(i.HAL_UART_MspInit)
    HAL_UART_RxCpltCallback                  0x0800310d   Thumb Code     2  stm32f1xx_hal_uart.o(i.HAL_UART_RxCpltCallback)
    HAL_UART_RxHalfCpltCallback              0x0800310f   Thumb Code     2  stm32f1xx_hal_uart.o(i.HAL_UART_RxHalfCpltCallback)
    HAL_UART_Transmit_DMA                    0x08003111   Thumb Code   128  stm32f1xx_hal_uart.o(i.HAL_UART_Transmit_DMA)
    HAL_UART_TxCpltCallback                  0x0800319d   Thumb Code     2  stm32f1xx_hal_uart.o(i.HAL_UART_TxCpltCallback)
    HAL_UART_TxHalfCpltCallback              0x0800319f   Thumb Code     2  stm32f1xx_hal_uart.o(i.HAL_UART_TxHalfCpltCallback)
    HardFault_Handler                        0x080031a1   Thumb Code     4  stm32f1xx_it.o(i.HardFault_Handler)
    IIC_Start                                0x080031a5   Thumb Code    48  oled.o(i.IIC_Start)
    IIC_Stop                                 0x080031d9   Thumb Code    36  oled.o(i.IIC_Stop)
    IIC_Wait_Ack                             0x08003201   Thumb Code    26  oled.o(i.IIC_Wait_Ack)
    Led_Toggle                               0x08003221   Thumb Code    14  led.o(i.Led_Toggle)
    LeftMotor_Back                           0x08003235   Thumb Code    14  motor.o(i.LeftMotor_Back)
    LeftMotor_Go                             0x08003249   Thumb Code    16  motor.o(i.LeftMotor_Go)
    MOTOR_INIT                               0x0800325d   Thumb Code    34  motor.o(i.MOTOR_INIT)
    MX_DMA_Init                              0x08003285   Thumb Code    96  dma.o(i.MX_DMA_Init)
    MX_GPIO_Init                             0x080032e9   Thumb Code   240  gpio.o(i.MX_GPIO_Init)
    MX_TIM1_Init                             0x080033ed   Thumb Code   222  tim.o(i.MX_TIM1_Init)
    MX_TIM2_Init                             0x080034d5   Thumb Code   116  tim.o(i.MX_TIM2_Init)
    MX_TIM4_Init                             0x0800354d   Thumb Code   114  tim.o(i.MX_TIM4_Init)
    MX_USART2_UART_Init                      0x080035c9   Thumb Code    46  usart.o(i.MX_USART2_UART_Init)
    MX_USART3_UART_Init                      0x08003601   Thumb Code    46  usart.o(i.MX_USART3_UART_Init)
    MemManage_Handler                        0x08003639   Thumb Code     4  stm32f1xx_it.o(i.MemManage_Handler)
    NMI_Handler                              0x0800363d   Thumb Code     4  stm32f1xx_it.o(i.NMI_Handler)
    OLED_Clear                               0x08003641   Thumb Code    62  oled.o(i.OLED_Clear)
    OLED_GPIO_Init                           0x0800367f   Thumb Code     2  oled.o(i.OLED_GPIO_Init)
    OLED_Init                                0x08003681   Thumb Code   224  oled.o(i.OLED_Init)
    OLED_Set_Pos                             0x08003761   Thumb Code    40  oled.o(i.OLED_Set_Pos)
    OLED_ShowChar                            0x08003789   Thumb Code   154  oled.o(i.OLED_ShowChar)
    OLED_ShowString                          0x0800382d   Thumb Code    58  oled.o(i.OLED_ShowString)
    OLED_WR_Byte                             0x08003867   Thumb Code    24  oled.o(i.OLED_WR_Byte)
    PID_Speed_A                              0x08003881   Thumb Code   220  pid.o(i.PID_Speed_A)
    PID_Speed_B                              0x0800397d   Thumb Code   220  pid.o(i.PID_Speed_B)
    PendSV_Handler                           0x08003a79   Thumb Code     2  stm32f1xx_it.o(i.PendSV_Handler)
    RightMotor_Back                          0x08003aa5   Thumb Code    16  motor.o(i.RightMotor_Back)
    RightMotor_Go                            0x08003ab9   Thumb Code    14  motor.o(i.RightMotor_Go)
    SVC_Handler                              0x08003acd   Thumb Code     2  stm32f1xx_it.o(i.SVC_Handler)
    SysTick_Handler                          0x08003acf   Thumb Code     8  stm32f1xx_it.o(i.SysTick_Handler)
    SystemClock_Config                       0x08003ad7   Thumb Code   102  main.o(i.SystemClock_Config)
    SystemInit                               0x08003b3d   Thumb Code     2  system_stm32f1xx.o(i.SystemInit)
    TIM1_UP_IRQHandler                       0x08003b41   Thumb Code    10  stm32f1xx_it.o(i.TIM1_UP_IRQHandler)
    TIM4_IRQHandler                          0x08003b51   Thumb Code    10  stm32f1xx_it.o(i.TIM4_IRQHandler)
    TIM_Base_SetConfig                       0x08003b61   Thumb Code   104  stm32f1xx_hal_tim.o(i.TIM_Base_SetConfig)
    TIM_CCxChannelCmd                        0x08003bd5   Thumb Code    34  stm32f1xx_hal_tim.o(i.TIM_CCxChannelCmd)
    TIM_ETR_SetConfig                        0x08003bf7   Thumb Code    22  stm32f1xx_hal_tim.o(i.TIM_ETR_SetConfig)
    TIM_OC2_SetConfig                        0x08003c81   Thumb Code   100  stm32f1xx_hal_tim.o(i.TIM_OC2_SetConfig)
    UART2_ErrorCallback                      0x08003de7   Thumb Code    10  uart_2.o(i.UART2_ErrorCallback)
    UART2_Init                               0x08003df1   Thumb Code    46  uart_2.o(i.UART2_Init)
    UART3_ErrorCallback                      0x08003e2d   Thumb Code    10  uart_1.o(i.UART3_ErrorCallback)
    UART3_Init                               0x08003e39   Thumb Code    46  uart_1.o(i.UART3_Init)
    UARTE2_RxEventCallback                   0x08003e75   Thumb Code    32  uart_2.o(i.UARTE2_RxEventCallback)
    UARTE3_RxEventCallback                   0x08003ea5   Thumb Code    30  uart_1.o(i.UARTE3_RxEventCallback)
    UART_IT_Init                             0x08004121   Thumb Code    12  uart_it_config.o(i.UART_IT_Init)
    UART_Start_Receive_DMA                   0x08004325   Thumb Code   186  stm32f1xx_hal_uart.o(i.UART_Start_Receive_DMA)
    USART2_IRQHandler                        0x0800444d   Thumb Code    10  stm32f1xx_it.o(i.USART2_IRQHandler)
    USART3_IRQHandler                        0x0800445d   Thumb Code    10  stm32f1xx_it.o(i.USART3_IRQHandler)
    UsageFault_Handler                       0x0800446d   Thumb Code     4  stm32f1xx_it.o(i.UsageFault_Handler)
    Usart3DmaPrintf                          0x08004471   Thumb Code    44  uart_1.o(i.Usart3DmaPrintf)
    Write_IIC_Byte                           0x080044a5   Thumb Code    96  oled.o(i.Write_IIC_Byte)
    Write_IIC_Command                        0x08004509   Thumb Code    44  oled.o(i.Write_IIC_Command)
    Write_IIC_Data                           0x08004535   Thumb Code    44  oled.o(i.Write_IIC_Data)
    __0sprintf                               0x08004561   Thumb Code    34  printfa.o(i.__0sprintf)
    __1sprintf                               0x08004561   Thumb Code     0  printfa.o(i.__0sprintf)
    __2sprintf                               0x08004561   Thumb Code     0  printfa.o(i.__0sprintf)
    __c89sprintf                             0x08004561   Thumb Code     0  printfa.o(i.__0sprintf)
    sprintf                                  0x08004561   Thumb Code     0  printfa.o(i.__0sprintf)
    __0vsnprintf                             0x08004589   Thumb Code    46  printfa.o(i.__0vsnprintf)
    __1vsnprintf                             0x08004589   Thumb Code     0  printfa.o(i.__0vsnprintf)
    __2vsnprintf                             0x08004589   Thumb Code     0  printfa.o(i.__0vsnprintf)
    __c89vsnprintf                           0x08004589   Thumb Code     0  printfa.o(i.__0vsnprintf)
    vsnprintf                                0x08004589   Thumb Code     0  printfa.o(i.__0vsnprintf)
    __scatterload_copy                       0x080045f5   Thumb Code    14  handlers.o(i.__scatterload_copy)
    __scatterload_null                       0x08004603   Thumb Code     2  handlers.o(i.__scatterload_null)
    __scatterload_zeroinit                   0x08004605   Thumb Code    14  handlers.o(i.__scatterload_zeroinit)
    encoder_speed                            0x08004ec1   Thumb Code    68  encoder.o(i.encoder_speed)
    main                                     0x08004f35   Thumb Code    48  main.o(i.main)
    motorset                                 0x08004f65   Thumb Code   134  motor.o(i.motorset)
    F6x8                                     0x08004ff0   Data         552  oled.o(.constdata)
    F8X16                                    0x08005218   Data        1520  oled.o(.constdata)
    AHBPrescTable                            0x0800581a   Data          16  system_stm32f1xx.o(.constdata)
    APBPrescTable                            0x0800582a   Data           8  system_stm32f1xx.o(.constdata)
    __ctype_categories                       0x08005832   Data          64  ctype_c.o(.constdata)
    Region$$Table$$Base                      0x08005874   Number         0  anon$$obj.o(Region$$Table)
    Region$$Table$$Limit                     0x08005894   Number         0  anon$$obj.o(Region$$Table)
    k210_msg                                 0x20000000   Data          64  app.o(.data)
    Problem_Flag                             0x20000040   Data           1  app.o(.data)
    K210_Flag                                0x20000041   Data           1  app.o(.data)
    distance_to_end                          0x20000044   Data           4  app.o(.data)
    x                                        0x20000048   Data           4  app.o(.data)
    y                                        0x2000004c   Data           4  app.o(.data)
    distance                                 0x20000050   Data           4  app.o(.data)
    count                                    0x20000054   Data           1  app.o(.data)
    Uart_RxBuffer_1                          0x20000058   Data           1  uart_1.o(.data)
    Uart_Rx_Cnt_1                            0x20000059   Data           1  uart_1.o(.data)
    Uart_RxBuffer_2                          0x2000005a   Data           1  uart_2.o(.data)
    Uart_Rx_Cnt_2                            0x2000005b   Data           1  uart_2.o(.data)
    car_speed_1                              0x2000005c   Data           4  encoder.o(.data)
    car_speed_2                              0x20000060   Data           4  encoder.o(.data)
    err_sum                                  0x20000064   Data           4  pid.o(.data)
    kp                                       0x20000068   Data           4  pid.o(.data)
    ki                                       0x2000006c   Data           4  pid.o(.data)
    Target_Speed                             0x20000070   Data           4  pid.o(.data)
    Kp_Speed                                 0x20000074   Data           4  pid.o(.data)
    Ki_Speed                                 0x20000078   Data           4  pid.o(.data)
    Kd_Speed                                 0x2000007c   Data           4  pid.o(.data)
    uwTick                                   0x200000a4   Data           4  stm32f1xx_hal.o(.data)
    uwTickPrio                               0x200000a8   Data           4  stm32f1xx_hal.o(.data)
    uwTickFreq                               0x200000ac   Data           1  stm32f1xx_hal.o(.data)
    SystemCoreClock                          0x200000b0   Data           4  system_stm32f1xx.o(.data)
    htim1                                    0x200000b4   Data          72  tim.o(.bss)
    htim2                                    0x200000fc   Data          72  tim.o(.bss)
    htim4                                    0x20000144   Data          72  tim.o(.bss)
    huart2                                   0x2000018c   Data          72  usart.o(.bss)
    huart3                                   0x200001d4   Data          72  usart.o(.bss)
    hdma_usart2_rx                           0x2000021c   Data          68  usart.o(.bss)
    hdma_usart2_tx                           0x20000260   Data          68  usart.o(.bss)
    hdma_usart3_rx                           0x200002a4   Data          68  usart.o(.bss)
    hdma_usart3_tx                           0x200002e8   Data          68  usart.o(.bss)
    str_buff1                                0x2000032c   Data          64  app.o(.bss)
    str_buff2                                0x2000036c   Data          64  app.o(.bss)
    str_buff3                                0x200003ac   Data          64  app.o(.bss)
    str_buff4                                0x200003ec   Data          64  app.o(.bss)
    str_buff5                                0x2000042c   Data          64  app.o(.bss)
    str_buff6                                0x2000046c   Data          64  app.o(.bss)
    RxBuffer_1                               0x200004ac   Data         256  uart_1.o(.bss)
    TxBuffer_1                               0x200005ac   Data         256  uart_1.o(.bss)
    RxBuffer_2                               0x200006ac   Data         256  uart_2.o(.bss)
    TxBuffer_2                               0x200007ac   Data         256  uart_2.o(.bss)
    __initial_sp                             0x20000cb0   Data           0  startup_stm32f103xb.o(STACK)



==============================================================================

Memory Map of the image

  Image Entry point : 0x080000ed

  Load Region LR_IROM1 (Base: 0x08000000, Size: 0x00005948, Max: 0x00010000, ABSOLUTE)

    Execution Region ER_IROM1 (Exec base: 0x08000000, Load base: 0x08000000, Size: 0x00005894, Max: 0x00010000, ABSOLUTE)

    Exec Addr    Load Addr    Size         Type   Attr      Idx    E Section Name        Object

    0x08000000   0x08000000   0x000000ec   Data   RO            3    RESET               startup_stm32f103xb.o
    0x080000ec   0x080000ec   0x00000000   Code   RO         3734  * .ARM.Collect$$$$00000000  mc_w.l(entry.o)
    0x080000ec   0x080000ec   0x00000004   Code   RO         4020    .ARM.Collect$$$$00000001  mc_w.l(entry2.o)
    0x080000f0   0x080000f0   0x00000004   Code   RO         4023    .ARM.Collect$$$$00000004  mc_w.l(entry5.o)
    0x080000f4   0x080000f4   0x00000000   Code   RO         4025    .ARM.Collect$$$$00000008  mc_w.l(entry7b.o)
    0x080000f4   0x080000f4   0x00000000   Code   RO         4027    .ARM.Collect$$$$0000000A  mc_w.l(entry8b.o)
    0x080000f4   0x080000f4   0x00000008   Code   RO         4028    .ARM.Collect$$$$0000000B  mc_w.l(entry9a.o)
    0x080000fc   0x080000fc   0x00000004   Code   RO         4035    .ARM.Collect$$$$0000000E  mc_w.l(entry12b.o)
    0x08000100   0x08000100   0x00000000   Code   RO         4030    .ARM.Collect$$$$0000000F  mc_w.l(entry10a.o)
    0x08000100   0x08000100   0x00000000   Code   RO         4032    .ARM.Collect$$$$00000011  mc_w.l(entry11a.o)
    0x08000100   0x08000100   0x00000004   Code   RO         4021    .ARM.Collect$$$$00002712  mc_w.l(entry2.o)
    0x08000104   0x08000104   0x00000024   Code   RO            4    .text               startup_stm32f103xb.o
    0x08000128   0x08000128   0x00000020   Code   RO         3737    .text               mc_w.l(llushr.o)
    0x08000148   0x08000148   0x00000024   Code   RO         3739    .text               mc_w.l(memseta.o)
    0x0800016c   0x0800016c   0x00000012   Code   RO         3741    .text               mc_w.l(strcpy.o)
    0x0800017e   0x0800017e   0x00000002   PAD
    0x08000180   0x08000180   0x00000038   Code   RO         4004    .text               mc_w.l(__0sscanf.o)
    0x080001b8   0x080001b8   0x0000014c   Code   RO         4006    .text               mc_w.l(_scanf_int.o)
    0x08000304   0x08000304   0x000000b0   Code   RO         4008    .text               mf_w.l(fadd.o)
    0x080003b4   0x080003b4   0x00000064   Code   RO         4010    .text               mf_w.l(fmul.o)
    0x08000418   0x08000418   0x00000012   Code   RO         4014    .text               mf_w.l(fflti.o)
    0x0800042a   0x0800042a   0x00000032   Code   RO         4016    .text               mf_w.l(ffixi.o)
    0x0800045c   0x0800045c   0x0000002c   Code   RO         4039    .text               mc_w.l(uidiv.o)
    0x08000488   0x08000488   0x00000062   Code   RO         4041    .text               mc_w.l(uldiv.o)
    0x080004ea   0x080004ea   0x0000001c   Code   RO         4043    .text               mc_w.l(_chval.o)
    0x08000506   0x08000506   0x00000002   PAD
    0x08000508   0x08000508   0x00000028   Code   RO         4045    .text               mc_w.l(scanf_char.o)
    0x08000530   0x08000530   0x00000040   Code   RO         4047    .text               mc_w.l(_sgetc.o)
    0x08000570   0x08000570   0x00000000   Code   RO         4049    .text               mc_w.l(iusefp.o)
    0x08000570   0x08000570   0x0000006e   Code   RO         4050    .text               mf_w.l(fepilogue.o)
    0x080005de   0x080005de   0x0000014e   Code   RO         4052    .text               mf_w.l(dadd.o)
    0x0800072c   0x0800072c   0x000000e4   Code   RO         4054    .text               mf_w.l(dmul.o)
    0x08000810   0x08000810   0x000000de   Code   RO         4056    .text               mf_w.l(ddiv.o)
    0x080008ee   0x080008ee   0x00000030   Code   RO         4058    .text               mf_w.l(dfixul.o)
    0x0800091e   0x0800091e   0x00000002   PAD
    0x08000920   0x08000920   0x00000030   Code   RO         4060    .text               mf_w.l(cdrcmple.o)
    0x08000950   0x08000950   0x00000024   Code   RO         4062    .text               mc_w.l(init.o)
    0x08000974   0x08000974   0x0000001e   Code   RO         4065    .text               mc_w.l(llshl.o)
    0x08000992   0x08000992   0x00000024   Code   RO         4067    .text               mc_w.l(llsshr.o)
    0x080009b6   0x080009b6   0x0000000a   Code   RO         4069    .text               mc_w.l(isspace_c.o)
    0x080009c0   0x080009c0   0x00000330   Code   RO         4071    .text               mc_w.l(_scanf.o)
    0x08000cf0   0x08000cf0   0x000000ba   Code   RO         4074    .text               mf_w.l(depilogue.o)
    0x08000daa   0x08000daa   0x00000002   PAD
    0x08000dac   0x08000dac   0x00000028   Code   RO         4076    .text               mc_w.l(ctype_c.o)
    0x08000dd4   0x08000dd4   0x00000084   Code   RO          557    i.App_Init          app.o
    0x08000e58   0x08000e58   0x00000164   Code   RO          558    i.App_Task          app.o
    0x08000fbc   0x08000fbc   0x00000004   Code   RO          409    i.BusFault_Handler  stm32f1xx_it.o
    0x08000fc0   0x08000fc0   0x00000090   Code   RO         1250    i.Car_PID_Ctrl      pid.o
    0x08001050   0x08001050   0x00000010   Code   RO          410    i.DMA1_Channel2_IRQHandler  stm32f1xx_it.o
    0x08001060   0x08001060   0x00000010   Code   RO          411    i.DMA1_Channel3_IRQHandler  stm32f1xx_it.o
    0x08001070   0x08001070   0x00000010   Code   RO          412    i.DMA1_Channel6_IRQHandler  stm32f1xx_it.o
    0x08001080   0x08001080   0x00000010   Code   RO          413    i.DMA1_Channel7_IRQHandler  stm32f1xx_it.o
    0x08001090   0x08001090   0x0000002c   Code   RO         2704    i.DMA_SetConfig     stm32f1xx_hal_dma.o
    0x080010bc   0x080010bc   0x00000002   Code   RO          414    i.DebugMon_Handler  stm32f1xx_it.o
    0x080010be   0x080010be   0x00000002   PAD
    0x080010c0   0x080010c0   0x0000001c   Code   RO         1102    i.ENCODER_INIT      encoder.o
    0x080010dc   0x080010dc   0x00000024   Code   RO         1103    i.Encoder_Count_Clear  encoder.o
    0x08001100   0x08001100   0x0000002c   Code   RO         1105    i.Encoder_Value     encoder.o
    0x0800112c   0x0800112c   0x00000006   Code   RO           13    i.Error_Handler     main.o
    0x08001132   0x08001132   0x00000056   Code   RO         2705    i.HAL_DMA_Abort     stm32f1xx_hal_dma.o
    0x08001188   0x08001188   0x000000b0   Code   RO         2706    i.HAL_DMA_Abort_IT  stm32f1xx_hal_dma.o
    0x08001238   0x08001238   0x0000019c   Code   RO         2710    i.HAL_DMA_IRQHandler  stm32f1xx_hal_dma.o
    0x080013d4   0x080013d4   0x00000068   Code   RO         2711    i.HAL_DMA_Init      stm32f1xx_hal_dma.o
    0x0800143c   0x0800143c   0x0000009c   Code   RO         2715    i.HAL_DMA_Start_IT  stm32f1xx_hal_dma.o
    0x080014d8   0x080014d8   0x00000028   Code   RO         2326    i.HAL_Delay         stm32f1xx_hal.o
    0x08001500   0x08001500   0x00000320   Code   RO         2641    i.HAL_GPIO_Init     stm32f1xx_hal_gpio.o
    0x08001820   0x08001820   0x00000014   Code   RO         2644    i.HAL_GPIO_TogglePin  stm32f1xx_hal_gpio.o
    0x08001834   0x08001834   0x0000000c   Code   RO         2645    i.HAL_GPIO_WritePin  stm32f1xx_hal_gpio.o
    0x08001840   0x08001840   0x0000000c   Code   RO         2330    i.HAL_GetTick       stm32f1xx_hal.o
    0x0800184c   0x0800184c   0x00000018   Code   RO         2336    i.HAL_IncTick       stm32f1xx_hal.o
    0x08001864   0x08001864   0x00000028   Code   RO         2337    i.HAL_Init          stm32f1xx_hal.o
    0x0800188c   0x0800188c   0x0000004c   Code   RO         2338    i.HAL_InitTick      stm32f1xx_hal.o
    0x080018d8   0x080018d8   0x00000054   Code   RO          533    i.HAL_MspInit       stm32f1xx_hal_msp.o
    0x0800192c   0x0800192c   0x00000020   Code   RO         2801    i.HAL_NVIC_EnableIRQ  stm32f1xx_hal_cortex.o
    0x0800194c   0x0800194c   0x0000007c   Code   RO         2807    i.HAL_NVIC_SetPriority  stm32f1xx_hal_cortex.o
    0x080019c8   0x080019c8   0x00000028   Code   RO         2808    i.HAL_NVIC_SetPriorityGrouping  stm32f1xx_hal_cortex.o
    0x080019f0   0x080019f0   0x0000018c   Code   RO         2494    i.HAL_RCC_ClockConfig  stm32f1xx_hal_rcc.o
    0x08001b7c   0x08001b7c   0x0000000c   Code   RO         2499    i.HAL_RCC_GetHCLKFreq  stm32f1xx_hal_rcc.o
    0x08001b88   0x08001b88   0x00000020   Code   RO         2501    i.HAL_RCC_GetPCLK1Freq  stm32f1xx_hal_rcc.o
    0x08001ba8   0x08001ba8   0x00000020   Code   RO         2502    i.HAL_RCC_GetPCLK2Freq  stm32f1xx_hal_rcc.o
    0x08001bc8   0x08001bc8   0x00000070   Code   RO         2503    i.HAL_RCC_GetSysClockFreq  stm32f1xx_hal_rcc.o
    0x08001c38   0x08001c38   0x00000464   Code   RO         2506    i.HAL_RCC_OscConfig  stm32f1xx_hal_rcc.o
    0x0800209c   0x0800209c   0x00000034   Code   RO         2812    i.HAL_SYSTICK_Config  stm32f1xx_hal_cortex.o
    0x080020d0   0x080020d0   0x00000002   Code   RO         2052    i.HAL_TIMEx_BreakCallback  stm32f1xx_hal_tim_ex.o
    0x080020d2   0x080020d2   0x00000002   Code   RO         2053    i.HAL_TIMEx_CommutCallback  stm32f1xx_hal_tim_ex.o
    0x080020d4   0x080020d4   0x00000074   Code   RO         2055    i.HAL_TIMEx_ConfigBreakDeadTime  stm32f1xx_hal_tim_ex.o
    0x08002148   0x08002148   0x00000084   Code   RO         2071    i.HAL_TIMEx_MasterConfigSynchronization  stm32f1xx_hal_tim_ex.o
    0x080021cc   0x080021cc   0x00000066   Code   RO         1337    i.HAL_TIM_Base_Init  stm32f1xx_hal_tim.o
    0x08002232   0x08002232   0x00000002   PAD
    0x08002234   0x08002234   0x00000044   Code   RO          290    i.HAL_TIM_Base_MspInit  tim.o
    0x08002278   0x08002278   0x00000078   Code   RO         1342    i.HAL_TIM_Base_Start_IT  stm32f1xx_hal_tim.o
    0x080022f0   0x080022f0   0x0000010c   Code   RO         1346    i.HAL_TIM_ConfigClockSource  stm32f1xx_hal_tim.o
    0x080023fc   0x080023fc   0x000000c4   Code   RO         1358    i.HAL_TIM_Encoder_Init  stm32f1xx_hal_tim.o
    0x080024c0   0x080024c0   0x000000dc   Code   RO          292    i.HAL_TIM_Encoder_MspInit  tim.o
    0x0800259c   0x0800259c   0x000000cc   Code   RO         1361    i.HAL_TIM_Encoder_Start  stm32f1xx_hal_tim.o
    0x08002668   0x08002668   0x00000002   Code   RO         1371    i.HAL_TIM_IC_CaptureCallback  stm32f1xx_hal_tim.o
    0x0800266a   0x0800266a   0x00000196   Code   RO         1385    i.HAL_TIM_IRQHandler  stm32f1xx_hal_tim.o
    0x08002800   0x08002800   0x00000058   Code   RO          293    i.HAL_TIM_MspPostInit  tim.o
    0x08002858   0x08002858   0x00000002   Code   RO         1388    i.HAL_TIM_OC_DelayElapsedCallback  stm32f1xx_hal_tim.o
    0x0800285a   0x0800285a   0x00000104   Code   RO         1409    i.HAL_TIM_PWM_ConfigChannel  stm32f1xx_hal_tim.o
    0x0800295e   0x0800295e   0x00000066   Code   RO         1412    i.HAL_TIM_PWM_Init  stm32f1xx_hal_tim.o
    0x080029c4   0x080029c4   0x00000002   Code   RO         1414    i.HAL_TIM_PWM_MspInit  stm32f1xx_hal_tim.o
    0x080029c6   0x080029c6   0x00000002   Code   RO         1415    i.HAL_TIM_PWM_PulseFinishedCallback  stm32f1xx_hal_tim.o
    0x080029c8   0x080029c8   0x000000d4   Code   RO         1417    i.HAL_TIM_PWM_Start  stm32f1xx_hal_tim.o
    0x08002a9c   0x08002a9c   0x00000040   Code   RO          559    i.HAL_TIM_PeriodElapsedCallback  app.o
    0x08002adc   0x08002adc   0x00000002   Code   RO         1428    i.HAL_TIM_TriggerCallback  stm32f1xx_hal_tim.o
    0x08002ade   0x08002ade   0x00000072   Code   RO         3337    i.HAL_UARTEx_ReceiveToIdle_DMA  stm32f1xx_hal_uart.o
    0x08002b50   0x08002b50   0x00000038   Code   RO          952    i.HAL_UARTEx_RxEventCallback  uart_it_config.o
    0x08002b88   0x08002b88   0x00000030   Code   RO          953    i.HAL_UART_ErrorCallback  uart_it_config.o
    0x08002bb8   0x08002bb8   0x000002e4   Code   RO         3356    i.HAL_UART_IRQHandler  stm32f1xx_hal_uart.o
    0x08002e9c   0x08002e9c   0x00000076   Code   RO         3357    i.HAL_UART_Init     stm32f1xx_hal_uart.o
    0x08002f12   0x08002f12   0x00000002   PAD
    0x08002f14   0x08002f14   0x000001f8   Code   RO          362    i.HAL_UART_MspInit  usart.o
    0x0800310c   0x0800310c   0x00000002   Code   RO         3363    i.HAL_UART_RxCpltCallback  stm32f1xx_hal_uart.o
    0x0800310e   0x0800310e   0x00000002   Code   RO         3364    i.HAL_UART_RxHalfCpltCallback  stm32f1xx_hal_uart.o
    0x08003110   0x08003110   0x0000008c   Code   RO         3366    i.HAL_UART_Transmit_DMA  stm32f1xx_hal_uart.o
    0x0800319c   0x0800319c   0x00000002   Code   RO         3368    i.HAL_UART_TxCpltCallback  stm32f1xx_hal_uart.o
    0x0800319e   0x0800319e   0x00000002   Code   RO         3369    i.HAL_UART_TxHalfCpltCallback  stm32f1xx_hal_uart.o
    0x080031a0   0x080031a0   0x00000004   Code   RO          415    i.HardFault_Handler  stm32f1xx_it.o
    0x080031a4   0x080031a4   0x00000034   Code   RO          789    i.IIC_Start         oled.o
    0x080031d8   0x080031d8   0x00000028   Code   RO          790    i.IIC_Stop          oled.o
    0x08003200   0x08003200   0x00000020   Code   RO          791    i.IIC_Wait_Ack      oled.o
    0x08003220   0x08003220   0x00000014   Code   RO          762    i.Led_Toggle        led.o
    0x08003234   0x08003234   0x00000014   Code   RO         1168    i.LeftMotor_Back    motor.o
    0x08003248   0x08003248   0x00000014   Code   RO         1169    i.LeftMotor_Go      motor.o
    0x0800325c   0x0800325c   0x00000028   Code   RO         1171    i.MOTOR_INIT        motor.o
    0x08003284   0x08003284   0x00000064   Code   RO          262    i.MX_DMA_Init       dma.o
    0x080032e8   0x080032e8   0x00000104   Code   RO          154    i.MX_GPIO_Init      gpio.o
    0x080033ec   0x080033ec   0x000000e8   Code   RO          294    i.MX_TIM1_Init      tim.o
    0x080034d4   0x080034d4   0x00000078   Code   RO          295    i.MX_TIM2_Init      tim.o
    0x0800354c   0x0800354c   0x0000007c   Code   RO          296    i.MX_TIM4_Init      tim.o
    0x080035c8   0x080035c8   0x00000038   Code   RO          363    i.MX_USART2_UART_Init  usart.o
    0x08003600   0x08003600   0x00000038   Code   RO          364    i.MX_USART3_UART_Init  usart.o
    0x08003638   0x08003638   0x00000004   Code   RO          416    i.MemManage_Handler  stm32f1xx_it.o
    0x0800363c   0x0800363c   0x00000004   Code   RO          417    i.NMI_Handler       stm32f1xx_it.o
    0x08003640   0x08003640   0x0000003e   Code   RO          792    i.OLED_Clear        oled.o
    0x0800367e   0x0800367e   0x00000002   Code   RO          796    i.OLED_GPIO_Init    oled.o
    0x08003680   0x08003680   0x000000e0   Code   RO          797    i.OLED_Init         oled.o
    0x08003760   0x08003760   0x00000028   Code   RO          799    i.OLED_Set_Pos      oled.o
    0x08003788   0x08003788   0x000000a4   Code   RO          802    i.OLED_ShowChar     oled.o
    0x0800382c   0x0800382c   0x0000003a   Code   RO          804    i.OLED_ShowString   oled.o
    0x08003866   0x08003866   0x00000018   Code   RO          805    i.OLED_WR_Byte      oled.o
    0x0800387e   0x0800387e   0x00000002   PAD
    0x08003880   0x08003880   0x000000fc   Code   RO         1251    i.PID_Speed_A       pid.o
    0x0800397c   0x0800397c   0x000000fc   Code   RO         1252    i.PID_Speed_B       pid.o
    0x08003a78   0x08003a78   0x00000002   Code   RO          418    i.PendSV_Handler    stm32f1xx_it.o
    0x08003a7a   0x08003a7a   0x00000002   PAD
    0x08003a7c   0x08003a7c   0x00000028   Code   RO         2507    i.RCC_Delay         stm32f1xx_hal_rcc.o
    0x08003aa4   0x08003aa4   0x00000014   Code   RO         1173    i.RightMotor_Back   motor.o
    0x08003ab8   0x08003ab8   0x00000014   Code   RO         1174    i.RightMotor_Go     motor.o
    0x08003acc   0x08003acc   0x00000002   Code   RO          419    i.SVC_Handler       stm32f1xx_it.o
    0x08003ace   0x08003ace   0x00000008   Code   RO          420    i.SysTick_Handler   stm32f1xx_it.o
    0x08003ad6   0x08003ad6   0x00000066   Code   RO           14    i.SystemClock_Config  main.o
    0x08003b3c   0x08003b3c   0x00000002   Code   RO         3701    i.SystemInit        system_stm32f1xx.o
    0x08003b3e   0x08003b3e   0x00000002   PAD
    0x08003b40   0x08003b40   0x00000010   Code   RO          421    i.TIM1_UP_IRQHandler  stm32f1xx_it.o
    0x08003b50   0x08003b50   0x00000010   Code   RO          422    i.TIM4_IRQHandler   stm32f1xx_it.o
    0x08003b60   0x08003b60   0x00000074   Code   RO         1430    i.TIM_Base_SetConfig  stm32f1xx_hal_tim.o
    0x08003bd4   0x08003bd4   0x00000022   Code   RO         1431    i.TIM_CCxChannelCmd  stm32f1xx_hal_tim.o
    0x08003bf6   0x08003bf6   0x00000016   Code   RO         1441    i.TIM_ETR_SetConfig  stm32f1xx_hal_tim.o
    0x08003c0c   0x08003c0c   0x00000012   Code   RO         1442    i.TIM_ITRx_SetConfig  stm32f1xx_hal_tim.o
    0x08003c1e   0x08003c1e   0x00000002   PAD
    0x08003c20   0x08003c20   0x00000060   Code   RO         1443    i.TIM_OC1_SetConfig  stm32f1xx_hal_tim.o
    0x08003c80   0x08003c80   0x00000068   Code   RO         1444    i.TIM_OC2_SetConfig  stm32f1xx_hal_tim.o
    0x08003ce8   0x08003ce8   0x00000068   Code   RO         1445    i.TIM_OC3_SetConfig  stm32f1xx_hal_tim.o
    0x08003d50   0x08003d50   0x00000048   Code   RO         1446    i.TIM_OC4_SetConfig  stm32f1xx_hal_tim.o
    0x08003d98   0x08003d98   0x00000026   Code   RO         1448    i.TIM_TI1_ConfigInputStage  stm32f1xx_hal_tim.o
    0x08003dbe   0x08003dbe   0x00000028   Code   RO         1450    i.TIM_TI2_ConfigInputStage  stm32f1xx_hal_tim.o
    0x08003de6   0x08003de6   0x0000000a   Code   RO         1055    i.UART2_ErrorCallback  uart_2.o
    0x08003df0   0x08003df0   0x0000003c   Code   RO         1056    i.UART2_Init        uart_2.o
    0x08003e2c   0x08003e2c   0x0000000a   Code   RO         1001    i.UART3_ErrorCallback  uart_1.o
    0x08003e36   0x08003e36   0x00000002   PAD
    0x08003e38   0x08003e38   0x0000003c   Code   RO         1002    i.UART3_Init        uart_1.o
    0x08003e74   0x08003e74   0x00000030   Code   RO         1057    i.UARTE2_RxEventCallback  uart_2.o
    0x08003ea4   0x08003ea4   0x00000028   Code   RO         1003    i.UARTE3_RxEventCallback  uart_1.o
    0x08003ecc   0x08003ecc   0x00000014   Code   RO         3370    i.UART_DMAAbortOnError  stm32f1xx_hal_uart.o
    0x08003ee0   0x08003ee0   0x00000050   Code   RO         3371    i.UART_DMAError     stm32f1xx_hal_uart.o
    0x08003f30   0x08003f30   0x000000b4   Code   RO         3372    i.UART_DMAReceiveCplt  stm32f1xx_hal_uart.o
    0x08003fe4   0x08003fe4   0x00000024   Code   RO         3374    i.UART_DMARxHalfCplt  stm32f1xx_hal_uart.o
    0x08004008   0x08004008   0x00000058   Code   RO         3376    i.UART_DMATransmitCplt  stm32f1xx_hal_uart.o
    0x08004060   0x08004060   0x0000000e   Code   RO         3378    i.UART_DMATxHalfCplt  stm32f1xx_hal_uart.o
    0x0800406e   0x0800406e   0x0000006c   Code   RO         3380    i.UART_EndRxTransfer  stm32f1xx_hal_uart.o
    0x080040da   0x080040da   0x00000020   Code   RO         3381    i.UART_EndTransmit_IT  stm32f1xx_hal_uart.o
    0x080040fa   0x080040fa   0x00000026   Code   RO         3382    i.UART_EndTxTransfer  stm32f1xx_hal_uart.o
    0x08004120   0x08004120   0x0000000c   Code   RO          954    i.UART_IT_Init      uart_it_config.o
    0x0800412c   0x0800412c   0x000000fc   Code   RO         3383    i.UART_Receive_IT   stm32f1xx_hal_uart.o
    0x08004228   0x08004228   0x000000fc   Code   RO         3384    i.UART_SetConfig    stm32f1xx_hal_uart.o
    0x08004324   0x08004324   0x000000c8   Code   RO         3385    i.UART_Start_Receive_DMA  stm32f1xx_hal_uart.o
    0x080043ec   0x080043ec   0x00000060   Code   RO         3387    i.UART_Transmit_IT  stm32f1xx_hal_uart.o
    0x0800444c   0x0800444c   0x00000010   Code   RO          423    i.USART2_IRQHandler  stm32f1xx_it.o
    0x0800445c   0x0800445c   0x00000010   Code   RO          424    i.USART3_IRQHandler  stm32f1xx_it.o
    0x0800446c   0x0800446c   0x00000004   Code   RO          425    i.UsageFault_Handler  stm32f1xx_it.o
    0x08004470   0x08004470   0x00000034   Code   RO         1004    i.Usart3DmaPrintf   uart_1.o
    0x080044a4   0x080044a4   0x00000064   Code   RO          806    i.Write_IIC_Byte    oled.o
    0x08004508   0x08004508   0x0000002c   Code   RO          807    i.Write_IIC_Command  oled.o
    0x08004534   0x08004534   0x0000002c   Code   RO          808    i.Write_IIC_Data    oled.o
    0x08004560   0x08004560   0x00000028   Code   RO         3978    i.__0sprintf        mc_w.l(printfa.o)
    0x08004588   0x08004588   0x00000034   Code   RO         3981    i.__0vsnprintf      mc_w.l(printfa.o)
    0x080045bc   0x080045bc   0x00000010   Code   RO         2814    i.__NVIC_GetPriorityGrouping  stm32f1xx_hal_cortex.o
    0x080045cc   0x080045cc   0x00000028   Code   RO         2815    i.__NVIC_SetPriority  stm32f1xx_hal_cortex.o
    0x080045f4   0x080045f4   0x0000000e   Code   RO         4081    i.__scatterload_copy  mc_w.l(handlers.o)
    0x08004602   0x08004602   0x00000002   Code   RO         4082    i.__scatterload_null  mc_w.l(handlers.o)
    0x08004604   0x08004604   0x0000000e   Code   RO         4083    i.__scatterload_zeroinit  mc_w.l(handlers.o)
    0x08004612   0x08004612   0x00000002   PAD
    0x08004614   0x08004614   0x00000184   Code   RO         3983    i._fp_digits        mc_w.l(printfa.o)
    0x08004798   0x08004798   0x000006b4   Code   RO         3984    i._printf_core      mc_w.l(printfa.o)
    0x08004e4c   0x08004e4c   0x00000024   Code   RO         3985    i._printf_post_padding  mc_w.l(printfa.o)
    0x08004e70   0x08004e70   0x0000002e   Code   RO         3986    i._printf_pre_padding  mc_w.l(printfa.o)
    0x08004e9e   0x08004e9e   0x00000016   Code   RO         3987    i._snputc           mc_w.l(printfa.o)
    0x08004eb4   0x08004eb4   0x0000000a   Code   RO         3988    i._sputc            mc_w.l(printfa.o)
    0x08004ebe   0x08004ebe   0x00000002   PAD
    0x08004ec0   0x08004ec0   0x00000074   Code   RO         1106    i.encoder_speed     encoder.o
    0x08004f34   0x08004f34   0x00000030   Code   RO           15    i.main              main.o
    0x08004f64   0x08004f64   0x0000008c   Code   RO         1176    i.motorset          motor.o
    0x08004ff0   0x08004ff0   0x00000818   Data   RO          811    .constdata          oled.o
    0x08005808   0x08005808   0x00000012   Data   RO         2508    .constdata          stm32f1xx_hal_rcc.o
    0x0800581a   0x0800581a   0x00000018   Data   RO         3702    .constdata          system_stm32f1xx.o
    0x08005832   0x08005832   0x00000040   Data   RO         4077    .constdata          mc_w.l(ctype_c.o)
    0x08005872   0x08005872   0x00000002   PAD
    0x08005874   0x08005874   0x00000020   Data   RO         4079    Region$$Table       anon$$obj.o


    Execution Region RW_IRAM1 (Exec base: 0x20000000, Load base: 0x08005894, Size: 0x00000cb0, Max: 0x00005000, ABSOLUTE)

    Exec Addr    Load Addr    Size         Type   Attr      Idx    E Section Name        Object

    0x20000000   0x08005894   0x00000058   Data   RW          566    .data               app.o
    0x20000058   0x080058ec   0x00000002   Data   RW         1006    .data               uart_1.o
    0x2000005a   0x080058ee   0x00000002   Data   RW         1060    .data               uart_2.o
    0x2000005c   0x080058f0   0x00000008   Data   RW         1109    .data               encoder.o
    0x20000064   0x080058f8   0x00000040   Data   RW         1254    .data               pid.o
    0x200000a4   0x08005938   0x00000009   Data   RW         2344    .data               stm32f1xx_hal.o
    0x200000ad   0x08005941   0x00000003   PAD
    0x200000b0   0x08005944   0x00000004   Data   RW         3703    .data               system_stm32f1xx.o
    0x200000b4        -       0x000000d8   Zero   RW          297    .bss                tim.o
    0x2000018c        -       0x000001a0   Zero   RW          365    .bss                usart.o
    0x2000032c        -       0x00000180   Zero   RW          565    .bss                app.o
    0x200004ac        -       0x00000200   Zero   RW         1005    .bss                uart_1.o
    0x200006ac        -       0x00000200   Zero   RW         1059    .bss                uart_2.o
    0x200008ac   0x08005948   0x00000004   PAD
    0x200008b0        -       0x00000400   Zero   RW            1    STACK               startup_stm32f103xb.o


==============================================================================

Image component sizes


      Code (inc. data)   RO Data    RW Data    ZI Data      Debug   Object Name

       552        262          0         88        384       3630   app.o
       100          4          0          0          0        754   dma.o
       224         74          0          8          0       2335   encoder.o
       260         20          0          0          0     422035   gpio.o
        20          6          0          0          0        445   led.o
       156          0          0          0          0     412428   main.o
       260         32          0          0          0       3014   motor.o
       886         28       2072          0          0       8516   oled.o
       648        102          0         64          0       2595   pid.o
        36          8        236          0       1024        796   startup_stm32f103xb.o
       192         36          0          9          0       5841   stm32f1xx_hal.o
       304         22          0          0          0      29375   stm32f1xx_hal_cortex.o
       978         12          0          0          0       4818   stm32f1xx_hal_dma.o
       832         34          0          0          0       3265   stm32f1xx_hal_gpio.o
        84          8          0          0          0        882   stm32f1xx_hal_msp.o
      1748         98         18          0          0       5920   stm32f1xx_hal_rcc.o
      2524         60          0          0          0      17475   stm32f1xx_hal_tim.o
       252         14          0          0          0       3193   stm32f1xx_hal_tim_ex.o
      2516         34          0          0          0      15558   stm32f1xx_hal_uart.o
       162         48          0          0          0       7589   stm32f1xx_it.o
         2          0         24          4          0       1103   system_stm32f1xx.o
       852         64          0          0        216       4404   tim.o
       162         32          0          2        512       3541   uart_1.o
       118         30          0          2        512       2506   uart_2.o
       116         18          0          0          0       2017   uart_it_config.o
       616         62          0          0        416       2627   usart.o

    ----------------------------------------------------------------------
     14616       1108       2382        180       3068     966662   Object Totals
         0          0         32          0          0          0   (incl. Generated)
        16          0          0          3          4          0   (incl. Padding)

    ----------------------------------------------------------------------

      Code (inc. data)   RO Data    RW Data    ZI Data      Debug   Library Member Name

        56          8          0          0          0         84   __0sscanf.o
        28          0          0          0          0         68   _chval.o
       816          6          0          0          0        112   _scanf.o
       332          0          0          0          0         96   _scanf_int.o
        64          0          0          0          0         84   _sgetc.o
        40          6         64          0          0         68   ctype_c.o
         0          0          0          0          0          0   entry.o
         0          0          0          0          0          0   entry10a.o
         0          0          0          0          0          0   entry11a.o
         4          0          0          0          0          0   entry12b.o
         8          4          0          0          0          0   entry2.o
         4          0          0          0          0          0   entry5.o
         0          0          0          0          0          0   entry7b.o
         0          0          0          0          0          0   entry8b.o
         8          4          0          0          0          0   entry9a.o
        30          0          0          0          0          0   handlers.o
        36          8          0          0          0         68   init.o
        10          0          0          0          0         68   isspace_c.o
         0          0          0          0          0          0   iusefp.o
        30          0          0          0          0         68   llshl.o
        36          0          0          0          0         68   llsshr.o
        32          0          0          0          0         68   llushr.o
        36          0          0          0          0        108   memseta.o
      2310         92          0          0          0        680   printfa.o
        40          8          0          0          0         84   scanf_char.o
        18          0          0          0          0         68   strcpy.o
        44          0          0          0          0         80   uidiv.o
        98          0          0          0          0         92   uldiv.o
        48          0          0          0          0         68   cdrcmple.o
       334          0          0          0          0        148   dadd.o
       222          0          0          0          0        100   ddiv.o
       186          0          0          0          0        176   depilogue.o
        48          0          0          0          0         68   dfixul.o
       228          0          0          0          0         96   dmul.o
       176          0          0          0          0        140   fadd.o
       110          0          0          0          0        168   fepilogue.o
        50          0          0          0          0         68   ffixi.o
        18          0          0          0          0         68   fflti.o
       100          0          0          0          0         76   fmul.o

    ----------------------------------------------------------------------
      5612        136         66          0          0       3140   Library Totals
        12          0          2          0          0          0   (incl. Padding)

    ----------------------------------------------------------------------

      Code (inc. data)   RO Data    RW Data    ZI Data      Debug   Library Name

      4080        136         64          0          0       1964   mc_w.l
      1520          0          0          0          0       1176   mf_w.l

    ----------------------------------------------------------------------
      5612        136         66          0          0       3140   Library Totals

    ----------------------------------------------------------------------

==============================================================================


      Code (inc. data)   RO Data    RW Data    ZI Data      Debug   

     20228       1244       2448        180       3068     960802   Grand Totals
     20228       1244       2448        180       3068     960802   ELF Image Totals
     20228       1244       2448        180          0          0   ROM Totals

==============================================================================

    Total RO  Size (Code + RO Data)                22676 (  22.14kB)
    Total RW  Size (RW Data + ZI Data)              3248 (   3.17kB)
    Total ROM Size (Code + RO Data + RW Data)      22856 (  22.32kB)

==============================================================================

